Archive member included to satisfy reference by file (symbol)

..\Lib\IQmathLib-cm3.lib(IQNcos.o)
                              CMakeFiles/MY_FOC_2.elf.dir/FOC_Ctrl/FOC_Math/FOC_Math.c.obj (_IQ28cos)
..\Lib\IQmathLib-cm3.lib(IQNdiv.o)
                              CMakeFiles/MY_FOC_2.elf.dir/FOC_Ctrl/BLDC_MOTOR/BLDC_MOTOR.c.obj (_IQ17div)
..\Lib\IQmathLib-cm3.lib(IQNmpy.o)
                              CMakeFiles/MY_FOC_2.elf.dir/FOC_Ctrl/BLDC_MOTOR/BLDC_MOTOR.c.obj (_IQ17mpy)
..\Lib\IQmathLib-cm3.lib(IQNsin.o)
                              CMakeFiles/MY_FOC_2.elf.dir/FOC_Ctrl/FOC_Math/FOC_Math.c.obj (_IQ28sin)
..\Lib\IQmathLib-cm3.lib(IQNtoF.o)
                              CMakeFiles/MY_FOC_2.elf.dir/FOC_Ctrl/BLDC_MOTOR/BLDC_MOTOR.c.obj (_IQ17toF)
..\Lib\IQmathLib-cm3.lib(IQtables.o)
                              ..\Lib\IQmathLib-cm3.lib(IQNcos.o) (sincos_table)
e:/clion/arm-none-eabi-gcc/gcc-arm-none-eabi-10.3-2021.10/bin/../lib/gcc/arm-none-eabi/10.3.1/thumb/v7-m/nofp\libgcc.a(_arm_mulsf3.o)
                              CMakeFiles/MY_FOC_2.elf.dir/FOC_Ctrl/BLDC_MOTOR/BLDC_MOTOR.c.obj (__aeabi_fmul)
e:/clion/arm-none-eabi-gcc/gcc-arm-none-eabi-10.3-2021.10/bin/../lib/gcc/arm-none-eabi/10.3.1/thumb/v7-m/nofp\libgcc.a(_arm_addsubdf3.o)
                              CMakeFiles/MY_FOC_2.elf.dir/FOC_Ctrl/BLDC_MOTOR/BLDC_MOTOR.c.obj (__aeabi_f2d)
e:/clion/arm-none-eabi-gcc/gcc-arm-none-eabi-10.3-2021.10/bin/../lib/gcc/arm-none-eabi/10.3.1/thumb/v7-m/nofp\libgcc.a(_arm_cmpdf2.o)
                              CMakeFiles/MY_FOC_2.elf.dir/FOC_Ctrl/User_APP/User_APP.c.obj (__aeabi_dcmple)
e:/clion/arm-none-eabi-gcc/gcc-arm-none-eabi-10.3-2021.10/bin/../lib/gcc/arm-none-eabi/10.3.1/thumb/v7-m/nofp\libgcc.a(_arm_addsubsf3.o)
                              CMakeFiles/MY_FOC_2.elf.dir/FOC_Ctrl/BLDC_MOTOR/BLDC_MOTOR.c.obj (__aeabi_fsub)
e:/clion/arm-none-eabi-gcc/gcc-arm-none-eabi-10.3-2021.10/bin/../lib/gcc/arm-none-eabi/10.3.1/thumb/v7-m/nofp\libgcc.a(_arm_muldivsf3.o)
                              CMakeFiles/MY_FOC_2.elf.dir/FOC_Ctrl/FOC_Math/FOC_Math.c.obj (__aeabi_fdiv)
e:/clion/arm-none-eabi-gcc/gcc-arm-none-eabi-10.3-2021.10/bin/../lib/gcc/arm-none-eabi/10.3.1/thumb/v7-m/nofp\libgcc.a(_arm_cmpsf2.o)
                              CMakeFiles/MY_FOC_2.elf.dir/FOC_Ctrl/User_APP/User_APP.c.obj (__aeabi_fcmpeq)
e:/clion/arm-none-eabi-gcc/gcc-arm-none-eabi-10.3-2021.10/bin/../lib/gcc/arm-none-eabi/10.3.1/thumb/v7-m/nofp\libgcc.a(_arm_fixsfsi.o)
                              CMakeFiles/MY_FOC_2.elf.dir/FOC_Ctrl/BLDC_MOTOR/BLDC_MOTOR.c.obj (__aeabi_f2iz)
e:/clion/arm-none-eabi-gcc/gcc-arm-none-eabi-10.3-2021.10/bin/../lib/gcc/arm-none-eabi/10.3.1/../../../../arm-none-eabi/lib/thumb/v7-m/nofp\libc.a(lib_a-errno.o)
                              CMakeFiles/MY_FOC_2.elf.dir/Core/Src/syscalls.c.obj (__errno)
e:/clion/arm-none-eabi-gcc/gcc-arm-none-eabi-10.3-2021.10/bin/../lib/gcc/arm-none-eabi/10.3.1/../../../../arm-none-eabi/lib/thumb/v7-m/nofp\libc.a(lib_a-exit.o)
                              e:/clion/arm-none-eabi-gcc/gcc-arm-none-eabi-10.3-2021.10/bin/../lib/gcc/arm-none-eabi/10.3.1/../../../../arm-none-eabi/lib/thumb/v7-m/nofp/crt0.o (exit)
e:/clion/arm-none-eabi-gcc/gcc-arm-none-eabi-10.3-2021.10/bin/../lib/gcc/arm-none-eabi/10.3.1/../../../../arm-none-eabi/lib/thumb/v7-m/nofp\libc.a(lib_a-impure.o)
                              e:/clion/arm-none-eabi-gcc/gcc-arm-none-eabi-10.3-2021.10/bin/../lib/gcc/arm-none-eabi/10.3.1/../../../../arm-none-eabi/lib/thumb/v7-m/nofp\libc.a(lib_a-exit.o) (_global_impure_ptr)
e:/clion/arm-none-eabi-gcc/gcc-arm-none-eabi-10.3-2021.10/bin/../lib/gcc/arm-none-eabi/10.3.1/../../../../arm-none-eabi/lib/thumb/v7-m/nofp\libc.a(lib_a-init.o)
                              e:/clion/arm-none-eabi-gcc/gcc-arm-none-eabi-10.3-2021.10/bin/../lib/gcc/arm-none-eabi/10.3.1/../../../../arm-none-eabi/lib/thumb/v7-m/nofp/crt0.o (__libc_init_array)
e:/clion/arm-none-eabi-gcc/gcc-arm-none-eabi-10.3-2021.10/bin/../lib/gcc/arm-none-eabi/10.3.1/../../../../arm-none-eabi/lib/thumb/v7-m/nofp\libc.a(lib_a-memset.o)
                              e:/clion/arm-none-eabi-gcc/gcc-arm-none-eabi-10.3-2021.10/bin/../lib/gcc/arm-none-eabi/10.3.1/../../../../arm-none-eabi/lib/thumb/v7-m/nofp/crt0.o (memset)
e:/clion/arm-none-eabi-gcc/gcc-arm-none-eabi-10.3-2021.10/bin/../lib/gcc/arm-none-eabi/10.3.1/../../../../arm-none-eabi/lib/thumb/v7-m/nofp\libc.a(lib_a-printf.o)
                              CMakeFiles/MY_FOC_2.elf.dir/FOC_Ctrl/BLDC_MOTOR/BLDC_MOTOR.c.obj (printf)
e:/clion/arm-none-eabi-gcc/gcc-arm-none-eabi-10.3-2021.10/bin/../lib/gcc/arm-none-eabi/10.3.1/../../../../arm-none-eabi/lib/thumb/v7-m/nofp\libc.a(lib_a-setvbuf.o)
                              CMakeFiles/MY_FOC_2.elf.dir/HARDWARE/retarget/retarget.c.obj (setvbuf)
e:/clion/arm-none-eabi-gcc/gcc-arm-none-eabi-10.3-2021.10/bin/../lib/gcc/arm-none-eabi/10.3.1/../../../../arm-none-eabi/lib/thumb/v7-m/nofp\libc.a(lib_a-vfprintf.o)
[...]
Memory Configuration

Name             Origin             Length             Attributes
RAM              0x20000000         0x00005000         xrw
FLASH            0x08000000         0x00010000         xr
*default*        0x00000000         0xffffffff

Linker script and memory map

LOAD e:/clion/arm-none-eabi-gcc/gcc-arm-none-eabi-10.3-2021.10/bin/../lib/gcc/arm-none-eabi/10.3.1/thumb/v7-m/nofp/crti.o
LOAD e:/clion/arm-none-eabi-gcc/gcc-arm-none-eabi-10.3-2021.10/bin/../lib/gcc/arm-none-eabi/10.3.1/thumb/v7-m/nofp/crtbegin.o
LOAD e:/clion/arm-none-eabi-gcc/gcc-arm-none-eabi-10.3-2021.10/bin/../lib/gcc/arm-none-eabi/10.3.1/../../../../arm-none-eabi/lib/thumb/v7-m/nofp/crt0.o
LOAD CMakeFiles/MY_FOC_2.elf.dir/Core/Src/adc.c.obj
LOAD CMakeFiles/MY_FOC_2.elf.dir/Core/Src/dma.c.obj
LOAD CMakeFiles/MY_FOC_2.elf.dir/Core/Src/gpio.c.obj
LOAD CMakeFiles/MY_FOC_2.elf.dir/Core/Src/main.c.obj
LOAD CMakeFiles/MY_FOC_2.elf.dir/Core/Src/spi.c.obj
LOAD CMakeFiles/MY_FOC_2.elf.dir/Core/Src/stm32f1xx_hal_msp.c.obj
LOAD CMakeFiles/MY_FOC_2.elf.dir/Core/Src/stm32f1xx_it.c.obj
LOAD CMakeFiles/MY_FOC_2.elf.dir/Core/Src/syscalls.c.obj
LOAD CMakeFiles/MY_FOC_2.elf.dir/Core/Src/sysmem.c.obj
LOAD CMakeFiles/MY_FOC_2.elf.dir/Core/Src/system_stm32f1xx.c.obj
LOAD CMakeFiles/MY_FOC_2.elf.dir/Core/Src/tim.c.obj
LOAD CMakeFiles/MY_FOC_2.elf.dir/Core/Src/usart.c.obj
LOAD CMakeFiles/MY_FOC_2.elf.dir/Core/Startup/startup_stm32f103c8tx.s.obj
LOAD CMakeFiles/MY_FOC_2.elf.dir/Drivers/STM32F1xx_HAL_Driver/Src/stm32f1xx_hal.c.obj
LOAD CMakeFiles/MY_FOC_2.elf.dir/Drivers/STM32F1xx_HAL_Driver/Src/stm32f1xx_hal_adc.c.obj
LOAD CMakeFiles/MY_FOC_2.elf.dir/Drivers/STM32F1xx_HAL_Driver/Src/stm32f1xx_hal_adc_ex.c.obj
LOAD CMakeFiles/MY_FOC_2.elf.dir/Drivers/STM32F1xx_HAL_Driver/Src/stm32f1xx_hal_cortex.c.obj
LOAD CMakeFiles/MY_FOC_2.elf.dir/Drivers/STM32F1xx_HAL_Driver/Src/stm32f1xx_hal_dma.c.obj
LOAD CMakeFiles/MY_FOC_2.elf.dir/Drivers/STM32F1xx_HAL_Driver/Src/stm32f1xx_hal_exti.c.obj
LOAD CMakeFiles/MY_FOC_2.elf.dir/Drivers/STM32F1xx_HAL_Driver/Src/stm32f1xx_hal_flash.c.obj
LOAD CMakeFiles/MY_FOC_2.elf.dir/Drivers/STM32F1xx_HAL_Driver/Src/stm32f1xx_hal_flash_ex.c.obj
LOAD CMakeFiles/MY_FOC_2.elf.dir/Drivers/STM32F1xx_HAL_Driver/Src/stm32f1xx_hal_gpio.c.obj
LOAD CMakeFiles/MY_FOC_2.elf.dir/Drivers/STM32F1xx_HAL_Driver/Src/stm32f1xx_hal_gpio_ex.c.obj
LOAD CMakeFiles/MY_FOC_2.elf.dir/Drivers/STM32F1xx_HAL_Driver/Src/stm32f1xx_hal_pwr.c.obj
LOAD CMakeFiles/MY_FOC_2.elf.dir/Drivers/STM32F1xx_HAL_Driver/Src/stm32f1xx_hal_rcc.c.obj
LOAD CMakeFiles/MY_FOC_2.elf.dir/Drivers/STM32F1xx_HAL_Driver/Src/stm32f1xx_hal_rcc_ex.c.obj
LOAD CMakeFiles/MY_FOC_2.elf.dir/Drivers/STM32F1xx_HAL_Driver/Src/stm32f1xx_hal_spi.c.obj
LOAD CMakeFiles/MY_FOC_2.elf.dir/Drivers/STM32F1xx_HAL_Driver/Src/stm32f1xx_hal_tim.c.obj
LOAD CMakeFiles/MY_FOC_2.elf.dir/Drivers/STM32F1xx_HAL_Driver/Src/stm32f1xx_hal_tim_ex.c.obj
LOAD CMakeFiles/MY_FOC_2.elf.dir/Drivers/STM32F1xx_HAL_Driver/Src/stm32f1xx_hal_uart.c.obj
LOAD CMakeFiles/MY_FOC_2.elf.dir/FOC_Ctrl/BLDC_MOTOR/BLDC_MOTOR.c.obj
LOAD CMakeFiles/MY_FOC_2.elf.dir/FOC_Ctrl/FOC_Math/FOC_Math.c.obj
LOAD CMakeFiles/MY_FOC_2.elf.dir/FOC_Ctrl/User_APP/User_APP.c.obj
LOAD CMakeFiles/MY_FOC_2.elf.dir/HARDWARE/MT6701_SPI/MT6701_SPI.c.obj
LOAD CMakeFiles/MY_FOC_2.elf.dir/HARDWARE/Motor_ADC/Motor_ADC.c.obj
LOAD CMakeFiles/MY_FOC_2.elf.dir/HARDWARE/retarget/retarget.c.obj
LOAD ..\Lib\IQmathLib-cm3.lib
START GROUP
LOAD e:/clion/arm-none-eabi-gcc/gcc-arm-none-eabi-10.3-2021.10/bin/../lib/gcc/arm-none-eabi/10.3.1/thumb/v7-m/nofp\libgcc.a
LOAD e:/clion/arm-none-eabi-gcc/gcc-arm-none-eabi-10.3-2021.10/bin/../lib/gcc/arm-none-eabi/10.3.1/../../../../arm-none-eabi/lib/thumb/v7-m/nofp\libc.a
END GROUP
LOAD e:/clion/arm-none-eabi-gcc/gcc-arm-none-eabi-10.3-2021.10/bin/../lib/gcc/arm-none-eabi/10.3.1/thumb/v7-m/nofp/crtend.o
LOAD e:/clion/arm-none-eabi-gcc/gcc-arm-none-eabi-10.3-2021.10/bin/../lib/gcc/arm-none-eabi/10.3.1/thumb/v7-m/nofp/crtn.o
                0x20005000                _estack = (ORIGIN (RAM) + LENGTH (RAM))
                0x00000200                _Min_Heap_Size = 0x200
                0x00000400                _Min_Stack_Size = 0x400

.isr_vector     0x08000000      0x10c
                0x08000000                . = ALIGN (0x4)
 *(.isr_vector)
 .isr_vector    0x08000000      0x10c CMakeFiles/MY_FOC_2.elf.dir/Core/Startup/startup_stm32f103c8tx.s.obj
                0x08000000                g_pfnVectors
                0x0800010c                . = ALIGN (0x4)

.text           0x08000110     0x5c30
                0x08000110                . = ALIGN (0x4)
 *(.text)
 .text          0x08000110       0x40 e:/clion/arm-none-eabi-gcc/gcc-arm-none-eabi-10.3-2021.10/bin/../lib/gcc/arm-none-eabi/10.3.1/thumb/v7-m/nofp/crtbegin.o
 .text          0x08000150      0x378 e:/clion/arm-none-eabi-gcc/gcc-arm-none-eabi-10.3-2021.10/bin/../lib/gcc/arm-none-eabi/10.3.1/thumb/v7-m/nofp\libgcc.a(_arm_addsubdf3.o)
                0x08000150                __aeabi_drsub
                0x08000158                __aeabi_dsub
                0x08000158                __subdf3
                0x0800015c                __aeabi_dadd
                0x0800015c                __adddf3
                0x080003d4                __floatunsidf
                0x080003d4                __aeabi_ui2d
                0x080003f4                __floatsidf
                0x080003f4                __aeabi_i2d
                0x08000418                __aeabi_f2d
                0x08000418                __extendsfdf2
                0x0800045c                __floatundidf
                0x0800045c                __aeabi_ul2d
                0x0800046c                __floatdidf
                0x0800046c                __aeabi_l2d
 .text          0x080004c8      0x110 e:/clion/arm-none-eabi-gcc/gcc-arm-none-eabi-10.3-2021.10/bin/../lib/gcc/arm-none-eabi/10.3.1/thumb/v7-m/nofp\libgcc.a(_arm_cmpdf2.o)
                0x080004c8                __gtdf2
                0x080004c8                __gedf2
                0x080004d0                __ltdf2
                0x080004d0                __ledf2
                0x080004d8                __nedf2
                0x080004d8                __eqdf2
                0x080004d8                __cmpdf2
                0x08000554                __aeabi_cdrcmple
                0x08000564                __aeabi_cdcmpeq
                0x08000564                __aeabi_cdcmple
                0x08000574                __aeabi_dcmpeq
                0x08000588                __aeabi_dcmplt
                0x0800059c                __aeabi_dcmple
                0x080005b0                __aeabi_dcmpge
                0x080005c4                __aeabi_dcmpgt
 .text          0x080005d8      0x21c e:/clion/arm-none-eabi-gcc/gcc-arm-none-eabi-10.3-2021.10/bin/../lib/gcc/arm-none-eabi/10.3.1/thumb/v7-m/nofp\libgcc.a(_arm_addsubsf3.o)
                0x080005d8                __aeabi_frsub
                0x080005e0                __subsf3
                0x080005e0                __aeabi_fsub
                0x080005e4                __aeabi_fadd
                0x080005e4                __addsf3
                0x08000744                __aeabi_ui2f
                0x08000744                __floatunsisf
                0x0800074c                __aeabi_i2f
                0x0800074c                __floatsisf
                0x08000768                __aeabi_ul2f
                0x08000768                __floatundisf
                0x08000778                __aeabi_l2f
                0x08000778                __floatdisf
 .text          0x080007f4      0x2a0 e:/clion/arm-none-eabi-gcc/gcc-arm-none-eabi-10.3-2021.10/bin/../lib/gcc/arm-none-eabi/10.3.1/thumb/v7-m/nofp\libgcc.a(_arm_muldivsf3.o)
                0x080007f4                __mulsf3
                0x080007f4                __aeabi_fmul
                0x0800095c                __aeabi_fdiv
                0x0800095c                __divsf3
 .text          0x08000a94       0xec e:/clion/arm-none-eabi-gcc/gcc-arm-none-eabi-10.3-2021.10/bin/../lib/gcc/arm-none-eabi/10.3.1/thumb/v7-m/nofp\libgcc.a(_arm_cmpsf2.o)
                0x08000a94                __gesf2
                0x08000a94                __gtsf2
                0x08000a9c                __lesf2
                0x08000a9c                __ltsf2
                0x08000aa4                __nesf2
                0x08000aa4                __eqsf2
                0x08000aa4                __cmpsf2
                0x08000b04                __aeabi_cfrcmple
                0x08000b0c                __aeabi_cfcmpeq
                0x08000b0c                __aeabi_cfcmple
                0x08000b1c                __aeabi_fcmpeq
                0x08000b30                __aeabi_fcmplt
                0x08000b44                __aeabi_fcmple
                0x08000b58                __aeabi_fcmpge
                0x08000b6c                __aeabi_fcmpgt
 .text          0x08000b80       0x4c e:/clion/arm-none-eabi-gcc/gcc-arm-none-eabi-10.3-2021.10/bin/../lib/gcc/arm-none-eabi/10.3.1/thumb/v7-m/nofp\libgcc.a(_arm_fixsfsi.o)
                0x08000b80                __aeabi_f2iz
                0x08000b80                __fixsfsi
 *(.text*)
 .text.MX_ADC1_Init
                0x08000bcc       0x78 CMakeFiles/MY_FOC_2.elf.dir/Core/Src/adc.c.obj
                0x08000bcc                MX_ADC1_Init
 .text.HAL_ADC_MspInit
                0x08000c44       0x9c CMakeFiles/MY_FOC_2.elf.dir/Core/Src/adc.c.obj
                0x08000c44                HAL_ADC_MspInit
 .text.MX_DMA_Init
                0x08000ce0       0x44 CMakeFiles/MY_FOC_2.elf.dir/Core/Src/dma.c.obj
                0x08000ce0                MX_DMA_Init
 .text.MX_GPIO_Init
                0x08000d24       0xc4 CMakeFiles/MY_FOC_2.elf.dir/Core/Src/gpio.c.obj
                0x08000d24                MX_GPIO_Init
 .text.Error_Handler
                0x08000de8        0x4 CMakeFiles/MY_FOC_2.elf.dir/Core/Src/main.c.obj
                0x08000de8                Error_Handler
 .text.SystemClock_Config
                0x08000dec       0x84 CMakeFiles/MY_FOC_2.elf.dir/Core/Src/main.c.obj
                0x08000dec                SystemClock_Config
 .text.main     0x08000e70      0x108 CMakeFiles/MY_FOC_2.elf.dir/Core/Src/main.c.obj
                0x08000e70                main
 .text.MX_SPI1_Init
                0x08000f78       0x44 CMakeFiles/MY_FOC_2.elf.dir/Core/Src/spi.c.obj
                0x08000f78                MX_SPI1_Init
 .text.HAL_SPI_MspInit
                0x08000fbc       0x74 CMakeFiles/MY_FOC_2.elf.dir/Core/Src/spi.c.obj
                0x08000fbc                HAL_SPI_MspInit
 .text.HAL_MspInit
                0x08001030       0x44 CMakeFiles/MY_FOC_2.elf.dir/Core/Src/stm32f1xx_hal_msp.c.obj
                0x08001030                HAL_MspInit
 .text.NMI_Handler
                0x08001074        0x2 CMakeFiles/MY_FOC_2.elf.dir/Core/Src/stm32f1xx_it.c.obj
                0x08001074                NMI_Handler
 .text.HardFault_Handler
                0x08001076        0x2 CMakeFiles/MY_FOC_2.elf.dir/Core/Src/stm32f1xx_it.c.obj
                0x08001076                HardFault_Handler
 .text.MemManage_Handler
                0x08001078        0x2 CMakeFiles/MY_FOC_2.elf.dir/Core/Src/stm32f1xx_it.c.obj
                0x08001078                MemManage_Handler
 .text.BusFault_Handler
                0x0800107a        0x2 CMakeFiles/MY_FOC_2.elf.dir/Core/Src/stm32f1xx_it.c.obj
                0x0800107a                BusFault_Handler
 .text.UsageFault_Handler
                0x0800107c        0x2 CMakeFiles/MY_FOC_2.elf.dir/Core/Src/stm32f1xx_it.c.obj
                0x0800107c                UsageFault_Handler
 .text.SVC_Handler
                0x0800107e        0x2 CMakeFiles/MY_FOC_2.elf.dir/Core/Src/stm32f1xx_it.c.obj
                0x0800107e                SVC_Handler
 .text.DebugMon_Handler
                0x08001080        0x2 CMakeFiles/MY_FOC_2.elf.dir/Core/Src/stm32f1xx_it.c.obj
                0x08001080                DebugMon_Handler
 .text.PendSV_Handler
                0x08001082        0x2 CMakeFiles/MY_FOC_2.elf.dir/Core/Src/stm32f1xx_it.c.obj
                0x08001082                PendSV_Handler
 .text.SysTick_Handler
                0x08001084        0x8 CMakeFiles/MY_FOC_2.elf.dir/Core/Src/stm32f1xx_it.c.obj
                0x08001084                SysTick_Handler
 .text.DMA1_Channel1_IRQHandler
                0x0800108c       0x10 CMakeFiles/MY_FOC_2.elf.dir/Core/Src/stm32f1xx_it.c.obj
                0x0800108c                DMA1_Channel1_IRQHandler
 .text.DMA1_Channel2_IRQHandler
                0x0800109c       0x10 CMakeFiles/MY_FOC_2.elf.dir/Core/Src/stm32f1xx_it.c.obj
                0x0800109c                DMA1_Channel2_IRQHandler
 .text.USART3_IRQHandler
                0x080010ac       0x10 CMakeFiles/MY_FOC_2.elf.dir/Core/Src/stm32f1xx_it.c.obj
                0x080010ac                USART3_IRQHandler
 .text._sbrk    0x080010bc       0x48 CMakeFiles/MY_FOC_2.elf.dir/Core/Src/sysmem.c.obj
                0x080010bc                _sbrk
 .text.SystemInit
                0x08001104        0x2 CMakeFiles/MY_FOC_2.elf.dir/Core/Src/system_stm32f1xx.c.obj
                0x08001104                SystemInit
 *fill*         0x08001106        0x2 
 .text.HAL_TIM_Base_MspInit
                0x08001108       0x2c CMakeFiles/MY_FOC_2.elf.dir/Core/Src/tim.c.obj
                0x08001108                HAL_TIM_Base_MspInit
 .text.HAL_TIM_MspPostInit
                0x08001134       0x50 CMakeFiles/MY_FOC_2.elf.dir/Core/Src/tim.c.obj
                0x08001134                HAL_TIM_MspPostInit
 .text.MX_TIM1_Init
                0x08001184      0x10c CMakeFiles/MY_FOC_2.elf.dir/Core/Src/tim.c.obj
                0x08001184                MX_TIM1_Init
 .text.MX_USART3_UART_Init
                0x08001290       0x34 CMakeFiles/MY_FOC_2.elf.dir/Core/Src/usart.c.obj
                0x08001290                MX_USART3_UART_Init
 .text.HAL_UART_MspInit
                0x080012c4       0xc0 CMakeFiles/MY_FOC_2.elf.dir/Core/Src/usart.c.obj
                0x080012c4                HAL_UART_MspInit
 .text.Reset_Handler
                0x08001384       0x48 CMakeFiles/MY_FOC_2.elf.dir/Core/Startup/startup_stm32f103c8tx.s.obj
                0x08001384                Reset_Handler
 .text.Default_Handler
                0x080013cc        0x2 CMakeFiles/MY_FOC_2.elf.dir/Core/Startup/startup_stm32f103c8tx.s.obj
                0x080013cc                RTC_Alarm_IRQHandler
                0x080013cc                EXTI2_IRQHandler
                0x080013cc                TIM1_CC_IRQHandler
                0x080013cc                PVD_IRQHandler
                0x080013cc                EXTI3_IRQHandler
                0x080013cc                EXTI0_IRQHandler
                0x080013cc                I2C2_EV_IRQHandler
                0x080013cc                ADC1_2_IRQHandler
                0x080013cc                SPI1_IRQHandler
                0x080013cc                TAMPER_IRQHandler
                0x080013cc                DMA1_Channel4_IRQHandler
                0x080013cc                RTC_IRQHandler
                0x080013cc                DMA1_Channel7_IRQHandler
                0x080013cc                CAN1_RX1_IRQHandler
                0x080013cc                TIM4_IRQHandler
                0x080013cc                I2C1_EV_IRQHandler
                0x080013cc                DMA1_Channel6_IRQHandler
                0x080013cc                TIM3_IRQHandler
                0x080013cc                RCC_IRQHandler
                0x080013cc                TIM1_TRG_COM_IRQHandler
                0x080013cc                Default_Handler
                0x080013cc                EXTI15_10_IRQHandler
                0x080013cc                EXTI9_5_IRQHandler
                0x080013cc                SPI2_IRQHandler
                0x080013cc                DMA1_Channel5_IRQHandler
                0x080013cc                EXTI4_IRQHandler
                0x080013cc                USB_LP_CAN1_RX0_IRQHandler
                0x080013cc                USB_HP_CAN1_TX_IRQHandler
                0x080013cc                DMA1_Channel3_IRQHandler
                0x080013cc                TIM1_UP_IRQHandler
                0x080013cc                WWDG_IRQHandler
                0x080013cc                TIM2_IRQHandler
                0x080013cc                TIM1_BRK_IRQHandler
                0x080013cc                EXTI1_IRQHandler
                0x080013cc                USART2_IRQHandler
                0x080013cc                I2C2_ER_IRQHandler
                0x080013cc                CAN1_SCE_IRQHandler
                0x080013cc                FLASH_IRQHandler
                0x080013cc                USART1_IRQHandler
                0x080013cc                I2C1_ER_IRQHandler
                0x080013cc                USBWakeUp_IRQHandler
 *fill*         0x080013ce        0x2 
 .text.HAL_InitTick
                0x080013d0       0x4c CMakeFiles/MY_FOC_2.elf.dir/Drivers/STM32F1xx_HAL_Driver/Src/stm32f1xx_hal.c.obj
                0x080013d0                HAL_InitTick
 .text.HAL_Init
                0x0800141c       0x24 CMakeFiles/MY_FOC_2.elf.dir/Drivers/STM32F1xx_HAL_Driver/Src/stm32f1xx_hal.c.obj
                0x0800141c                HAL_Init
 .text.HAL_IncTick
                0x08001440       0x18 CMakeFiles/MY_FOC_2.elf.dir/Drivers/STM32F1xx_HAL_Driver/Src/stm32f1xx_hal.c.obj
                0x08001440                HAL_IncTick
 .text.HAL_GetTick
                0x08001458        0xc CMakeFiles/MY_FOC_2.elf.dir/Drivers/STM32F1xx_HAL_Driver/Src/stm32f1xx_hal.c.obj
                0x08001458                HAL_GetTick
 .text.HAL_ADC_ConvCpltCallback
                0x08001464        0x2 CMakeFiles/MY_FOC_2.elf.dir/Drivers/STM32F1xx_HAL_Driver/Src/stm32f1xx_hal_adc.c.obj
                0x08001464                HAL_ADC_ConvCpltCallback
 .text.ADC_DMAConvCplt
                0x08001466       0x52 CMakeFiles/MY_FOC_2.elf.dir/Drivers/STM32F1xx_HAL_Driver/Src/stm32f1xx_hal_adc.c.obj
                0x08001466                ADC_DMAConvCplt
 .text.HAL_ADC_ConvHalfCpltCallback
                0x080014b8        0x2 CMakeFiles/MY_FOC_2.elf.dir/Drivers/STM32F1xx_HAL_Driver/Src/stm32f1xx_hal_adc.c.obj
                0x080014b8                HAL_ADC_ConvHalfCpltCallback
 .text.ADC_DMAHalfConvCplt
                0x080014ba        0xa CMakeFiles/MY_FOC_2.elf.dir/Drivers/STM32F1xx_HAL_Driver/Src/stm32f1xx_hal_adc.c.obj
                0x080014ba                ADC_DMAHalfConvCplt
 .text.HAL_ADC_ErrorCallback
                0x080014c4        0x2 CMakeFiles/MY_FOC_2.elf.dir/Drivers/STM32F1xx_HAL_Driver/Src/stm32f1xx_hal_adc.c.obj
                0x080014c4                HAL_ADC_ErrorCallback
 .text.ADC_DMAError
                0x080014c6       0x1a CMakeFiles/MY_FOC_2.elf.dir/Drivers/STM32F1xx_HAL_Driver/Src/stm32f1xx_hal_adc.c.obj
                0x080014c6                ADC_DMAError
 .text.HAL_ADC_ConfigChannel
                0x080014e0      0x144 CMakeFiles/MY_FOC_2.elf.dir/Drivers/STM32F1xx_HAL_Driver/Src/stm32f1xx_hal_adc.c.obj
                0x080014e0                HAL_ADC_ConfigChannel
 .text.ADC_Enable
                0x08001624       0x88 CMakeFiles/MY_FOC_2.elf.dir/Drivers/STM32F1xx_HAL_Driver/Src/stm32f1xx_hal_adc.c.obj
                0x08001624                ADC_Enable
 .text.HAL_ADC_Start_DMA
                0x080016ac      0x130 CMakeFiles/MY_FOC_2.elf.dir/Drivers/STM32F1xx_HAL_Driver/Src/stm32f1xx_hal_adc.c.obj
                0x080016ac                HAL_ADC_Start_DMA
 .text.ADC_ConversionStop_Disable
                0x080017dc       0x56 CMakeFiles/MY_FOC_2.elf.dir/Drivers/STM32F1xx_HAL_Driver/Src/stm32f1xx_hal_adc.c.obj
                0x080017dc                ADC_ConversionStop_Disable
 *fill*         0x08001832        0x2 
 .text.HAL_ADC_Init
                0x08001834      0x108 CMakeFiles/MY_FOC_2.elf.dir/Drivers/STM32F1xx_HAL_Driver/Src/stm32f1xx_hal_adc.c.obj
                0x08001834                HAL_ADC_Init
 .text.HAL_ADCEx_Calibration_Start
                0x0800193c      0x100 CMakeFiles/MY_FOC_2.elf.dir/Drivers/STM32F1xx_HAL_Driver/Src/stm32f1xx_hal_adc_ex.c.obj
                0x0800193c                HAL_ADCEx_Calibration_Start
 .text.HAL_NVIC_SetPriorityGrouping
                0x08001a3c       0x24 CMakeFiles/MY_FOC_2.elf.dir/Drivers/STM32F1xx_HAL_Driver/Src/stm32f1xx_hal_cortex.c.obj
                0x08001a3c                HAL_NVIC_SetPriorityGrouping
 .text.HAL_NVIC_SetPriority
                0x08001a60       0x70 CMakeFiles/MY_FOC_2.elf.dir/Drivers/STM32F1xx_HAL_Driver/Src/stm32f1xx_hal_cortex.c.obj
                0x08001a60                HAL_NVIC_SetPriority
 .text.HAL_NVIC_EnableIRQ
                0x08001ad0       0x1c CMakeFiles/MY_FOC_2.elf.dir/Drivers/STM32F1xx_HAL_Driver/Src/stm32f1xx_hal_cortex.c.obj
                0x08001ad0                HAL_NVIC_EnableIRQ
 .text.HAL_SYSTICK_Config
                0x08001aec       0x28 CMakeFiles/MY_FOC_2.elf.dir/Drivers/STM32F1xx_HAL_Driver/Src/stm32f1xx_hal_cortex.c.obj
                0x08001aec                HAL_SYSTICK_Config
 .text.DMA_SetConfig
                0x08001b14       0x2c CMakeFiles/MY_FOC_2.elf.dir/Drivers/STM32F1xx_HAL_Driver/Src/stm32f1xx_hal_dma.c.obj
 .text.HAL_DMA_Init
                0x08001b40       0x6c CMakeFiles/MY_FOC_2.elf.dir/Drivers/STM32F1xx_HAL_Driver/Src/stm32f1xx_hal_dma.c.obj
                0x08001b40                HAL_DMA_Init
 .text.HAL_DMA_Start_IT
                0x08001bac       0x74 CMakeFiles/MY_FOC_2.elf.dir/Drivers/STM32F1xx_HAL_Driver/Src/stm32f1xx_hal_dma.c.obj
                0x08001bac                HAL_DMA_Start_IT
 .text.HAL_DMA_Abort
                0x08001c20       0x44 CMakeFiles/MY_FOC_2.elf.dir/Drivers/STM32F1xx_HAL_Driver/Src/stm32f1xx_hal_dma.c.obj
                0x08001c20                HAL_DMA_Abort
 .text.HAL_DMA_Abort_IT
                0x08001c64       0x98 CMakeFiles/MY_FOC_2.elf.dir/Drivers/STM32F1xx_HAL_Driver/Src/stm32f1xx_hal_dma.c.obj
                0x08001c64                HAL_DMA_Abort_IT
 .text.HAL_DMA_IRQHandler
                0x08001cfc      0x144 CMakeFiles/MY_FOC_2.elf.dir/Drivers/STM32F1xx_HAL_Driver/Src/stm32f1xx_hal_dma.c.obj
                0x08001cfc                HAL_DMA_IRQHandler
 .text.HAL_GPIO_Init
                0x08001e40      0x224 CMakeFiles/MY_FOC_2.elf.dir/Drivers/STM32F1xx_HAL_Driver/Src/stm32f1xx_hal_gpio.c.obj
                0x08001e40                HAL_GPIO_Init
 .text.HAL_GPIO_ReadPin
                0x08002064        0xe CMakeFiles/MY_FOC_2.elf.dir/Drivers/STM32F1xx_HAL_Driver/Src/stm32f1xx_hal_gpio.c.obj
                0x08002064                HAL_GPIO_ReadPin
 .text.HAL_GPIO_WritePin
                0x08002072        0xc CMakeFiles/MY_FOC_2.elf.dir/Drivers/STM32F1xx_HAL_Driver/Src/stm32f1xx_hal_gpio.c.obj
                0x08002072                HAL_GPIO_WritePin
 *fill*         0x0800207e        0x2 
 .text.RCC_Delay
                0x08002080       0x2c CMakeFiles/MY_FOC_2.elf.dir/Drivers/STM32F1xx_HAL_Driver/Src/stm32f1xx_hal_rcc.c.obj
 .text.HAL_RCC_OscConfig
                0x080020ac      0x410 CMakeFiles/MY_FOC_2.elf.dir/Drivers/STM32F1xx_HAL_Driver/Src/stm32f1xx_hal_rcc.c.obj
                0x080020ac                HAL_RCC_OscConfig
 .text.HAL_RCC_GetSysClockFreq
                0x080024bc       0x70 CMakeFiles/MY_FOC_2.elf.dir/Drivers/STM32F1xx_HAL_Driver/Src/stm32f1xx_hal_rcc.c.obj
                0x080024bc                HAL_RCC_GetSysClockFreq
 .text.HAL_RCC_ClockConfig
                0x0800252c      0x16c CMakeFiles/MY_FOC_2.elf.dir/Drivers/STM32F1xx_HAL_Driver/Src/stm32f1xx_hal_rcc.c.obj
                0x0800252c                HAL_RCC_ClockConfig
 .text.HAL_RCC_GetHCLKFreq
                0x08002698        0xc CMakeFiles/MY_FOC_2.elf.dir/Drivers/STM32F1xx_HAL_Driver/Src/stm32f1xx_hal_rcc.c.obj
                0x08002698                HAL_RCC_GetHCLKFreq
 .text.HAL_RCC_GetPCLK1Freq
                0x080026a4       0x20 CMakeFiles/MY_FOC_2.elf.dir/Drivers/STM32F1xx_HAL_Driver/Src/stm32f1xx_hal_rcc.c.obj
                0x080026a4                HAL_RCC_GetPCLK1Freq
 .text.HAL_RCC_GetPCLK2Freq
                0x080026c4       0x20 CMakeFiles/MY_FOC_2.elf.dir/Drivers/STM32F1xx_HAL_Driver/Src/stm32f1xx_hal_rcc.c.obj
                0x080026c4                HAL_RCC_GetPCLK2Freq
 .text.HAL_RCCEx_PeriphCLKConfig
                0x080026e4      0x118 CMakeFiles/MY_FOC_2.elf.dir/Drivers/STM32F1xx_HAL_Driver/Src/stm32f1xx_hal_rcc_ex.c.obj
                0x080026e4                HAL_RCCEx_PeriphCLKConfig
 .text.HAL_RCCEx_GetPeriphCLKFreq
                0x080027fc      0x100 CMakeFiles/MY_FOC_2.elf.dir/Drivers/STM32F1xx_HAL_Driver/Src/stm32f1xx_hal_rcc_ex.c.obj
                0x080027fc                HAL_RCCEx_GetPeriphCLKFreq
 .text.SPI_WaitFlagStateUntilTimeout
                0x080028fc       0xd4 CMakeFiles/MY_FOC_2.elf.dir/Drivers/STM32F1xx_HAL_Driver/Src/stm32f1xx_hal_spi.c.obj
 .text.SPI_EndRxTxTransaction
                0x080029d0       0x24 CMakeFiles/MY_FOC_2.elf.dir/Drivers/STM32F1xx_HAL_Driver/Src/stm32f1xx_hal_spi.c.obj
 .text.SPI_EndRxTransaction
                0x080029f4       0x74 CMakeFiles/MY_FOC_2.elf.dir/Drivers/STM32F1xx_HAL_Driver/Src/stm32f1xx_hal_spi.c.obj
 .text.HAL_SPI_Init
                0x08002a68       0xb6 CMakeFiles/MY_FOC_2.elf.dir/Drivers/STM32F1xx_HAL_Driver/Src/stm32f1xx_hal_spi.c.obj
                0x08002a68                HAL_SPI_Init
 .text.HAL_SPI_TransmitReceive
                0x08002b1e      0x238 CMakeFiles/MY_FOC_2.elf.dir/Drivers/STM32F1xx_HAL_Driver/Src/stm32f1xx_hal_spi.c.obj
                0x08002b1e                HAL_SPI_TransmitReceive
 .text.HAL_SPI_Receive
                0x08002d56      0x180 CMakeFiles/MY_FOC_2.elf.dir/Drivers/STM32F1xx_HAL_Driver/Src/stm32f1xx_hal_spi.c.obj
                0x08002d56                HAL_SPI_Receive
 *fill*         0x08002ed6        0x2 
 .text.TIM_OC1_SetConfig
                0x08002ed8       0x5c CMakeFiles/MY_FOC_2.elf.dir/Drivers/STM32F1xx_HAL_Driver/Src/stm32f1xx_hal_tim.c.obj
 .text.TIM_OC3_SetConfig
                0x08002f34       0x64 CMakeFiles/MY_FOC_2.elf.dir/Drivers/STM32F1xx_HAL_Driver/Src/stm32f1xx_hal_tim.c.obj
 .text.TIM_OC4_SetConfig
                0x08002f98       0x48 CMakeFiles/MY_FOC_2.elf.dir/Drivers/STM32F1xx_HAL_Driver/Src/stm32f1xx_hal_tim.c.obj
 .text.TIM_TI1_ConfigInputStage
                0x08002fe0       0x24 CMakeFiles/MY_FOC_2.elf.dir/Drivers/STM32F1xx_HAL_Driver/Src/stm32f1xx_hal_tim.c.obj
 .text.TIM_TI2_ConfigInputStage
                0x08003004       0x26 CMakeFiles/MY_FOC_2.elf.dir/Drivers/STM32F1xx_HAL_Driver/Src/stm32f1xx_hal_tim.c.obj
 .text.TIM_ITRx_SetConfig
                0x0800302a       0x10 CMakeFiles/MY_FOC_2.elf.dir/Drivers/STM32F1xx_HAL_Driver/Src/stm32f1xx_hal_tim.c.obj
 *fill*         0x0800303a        0x2 
 .text.HAL_TIM_Base_Start_IT
                0x0800303c       0x68 CMakeFiles/MY_FOC_2.elf.dir/Drivers/STM32F1xx_HAL_Driver/Src/stm32f1xx_hal_tim.c.obj
                0x0800303c                HAL_TIM_Base_Start_IT
 .text.HAL_TIM_PWM_MspInit
                0x080030a4        0x2 CMakeFiles/MY_FOC_2.elf.dir/Drivers/STM32F1xx_HAL_Driver/Src/stm32f1xx_hal_tim.c.obj
                0x080030a4                HAL_TIM_PWM_MspInit
 *fill*         0x080030a6        0x2 
 .text.TIM_Base_SetConfig
                0x080030a8       0x74 CMakeFiles/MY_FOC_2.elf.dir/Drivers/STM32F1xx_HAL_Driver/Src/stm32f1xx_hal_tim.c.obj
                0x080030a8                TIM_Base_SetConfig
 .text.HAL_TIM_Base_Init
                0x0800311c       0x58 CMakeFiles/MY_FOC_2.elf.dir/Drivers/STM32F1xx_HAL_Driver/Src/stm32f1xx_hal_tim.c.obj
                0x0800311c                HAL_TIM_Base_Init
 .text.HAL_TIM_PWM_Init
                0x08003174       0x58 CMakeFiles/MY_FOC_2.elf.dir/Drivers/STM32F1xx_HAL_Driver/Src/stm32f1xx_hal_tim.c.obj
                0x08003174                HAL_TIM_PWM_Init
 .text.TIM_OC2_SetConfig
                0x080031cc       0x64 CMakeFiles/MY_FOC_2.elf.dir/Drivers/STM32F1xx_HAL_Driver/Src/stm32f1xx_hal_tim.c.obj
                0x080031cc                TIM_OC2_SetConfig
 .text.HAL_TIM_PWM_ConfigChannel
                0x08003230       0xd0 CMakeFiles/MY_FOC_2.elf.dir/Drivers/STM32F1xx_HAL_Driver/Src/stm32f1xx_hal_tim.c.obj
                0x08003230                HAL_TIM_PWM_ConfigChannel
 .text.TIM_ETR_SetConfig
                0x08003300       0x18 CMakeFiles/MY_FOC_2.elf.dir/Drivers/STM32F1xx_HAL_Driver/Src/stm32f1xx_hal_tim.c.obj
                0x08003300                TIM_ETR_SetConfig
 .text.HAL_TIM_ConfigClockSource
                0x08003318       0xda CMakeFiles/MY_FOC_2.elf.dir/Drivers/STM32F1xx_HAL_Driver/Src/stm32f1xx_hal_tim.c.obj
                0x08003318                HAL_TIM_ConfigClockSource
 .text.TIM_CCxChannelCmd
                0x080033f2       0x1e CMakeFiles/MY_FOC_2.elf.dir/Drivers/STM32F1xx_HAL_Driver/Src/stm32f1xx_hal_tim.c.obj
                0x080033f2                TIM_CCxChannelCmd
 .text.HAL_TIM_PWM_Start
                0x08003410       0xdc CMakeFiles/MY_FOC_2.elf.dir/Drivers/STM32F1xx_HAL_Driver/Src/stm32f1xx_hal_tim.c.obj
                0x08003410                HAL_TIM_PWM_Start
 .text.HAL_TIMEx_MasterConfigSynchronization
                0x080034ec       0x6c CMakeFiles/MY_FOC_2.elf.dir/Drivers/STM32F1xx_HAL_Driver/Src/stm32f1xx_hal_tim_ex.c.obj
                0x080034ec                HAL_TIMEx_MasterConfigSynchronization
 .text.HAL_TIMEx_ConfigBreakDeadTime
                0x08003558       0x52 CMakeFiles/MY_FOC_2.elf.dir/Drivers/STM32F1xx_HAL_Driver/Src/stm32f1xx_hal_tim_ex.c.obj
                0x08003558                HAL_TIMEx_ConfigBreakDeadTime
 .text.UART_EndTxTransfer
                0x080035aa       0x12 CMakeFiles/MY_FOC_2.elf.dir/Drivers/STM32F1xx_HAL_Driver/Src/stm32f1xx_hal_uart.c.obj
 .text.UART_EndRxTransfer
                0x080035bc       0x32 CMakeFiles/MY_FOC_2.elf.dir/Drivers/STM32F1xx_HAL_Driver/Src/stm32f1xx_hal_uart.c.obj
 .text.UART_Transmit_IT
                0x080035ee       0x60 CMakeFiles/MY_FOC_2.elf.dir/Drivers/STM32F1xx_HAL_Driver/Src/stm32f1xx_hal_uart.c.obj
 *fill*         0x0800364e        0x2 
 .text.UART_SetConfig
                0x08003650       0x94 CMakeFiles/MY_FOC_2.elf.dir/Drivers/STM32F1xx_HAL_Driver/Src/stm32f1xx_hal_uart.c.obj
 .text.UART_WaitOnFlagUntilTimeout
                0x080036e4       0x6c CMakeFiles/MY_FOC_2.elf.dir/Drivers/STM32F1xx_HAL_Driver/Src/stm32f1xx_hal_uart.c.obj
 .text.HAL_UART_Init
                0x08003750       0x5e CMakeFiles/MY_FOC_2.elf.dir/Drivers/STM32F1xx_HAL_Driver/Src/stm32f1xx_hal_uart.c.obj
                0x08003750                HAL_UART_Init
 .text.HAL_UART_Transmit
                0x080037ae       0xd8 CMakeFiles/MY_FOC_2.elf.dir/Drivers/STM32F1xx_HAL_Driver/Src/stm32f1xx_hal_uart.c.obj
                0x080037ae                HAL_UART_Transmit
 .text.HAL_UART_Receive
                0x08003886       0xe4 CMakeFiles/MY_FOC_2.elf.dir/Drivers/STM32F1xx_HAL_Driver/Src/stm32f1xx_hal_uart.c.obj
                0x08003886                HAL_UART_Receive
 *fill*         0x0800396a        0x2 
 .text.HAL_UART_Transmit_DMA
                0x0800396c       0x8c CMakeFiles/MY_FOC_2.elf.dir/Drivers/STM32F1xx_HAL_Driver/Src/stm32f1xx_hal_uart.c.obj
                0x0800396c                HAL_UART_Transmit_DMA
 .text.HAL_UART_TxCpltCallback
                0x080039f8        0x2 CMakeFiles/MY_FOC_2.elf.dir/Drivers/STM32F1xx_HAL_Driver/Src/stm32f1xx_hal_uart.c.obj
                0x080039f8                HAL_UART_TxCpltCallback
 .text.UART_DMATransmitCplt
                0x080039fa       0x30 CMakeFiles/MY_FOC_2.elf.dir/Drivers/STM32F1xx_HAL_Driver/Src/stm32f1xx_hal_uart.c.obj
 .text.UART_EndTransmit_IT
                0x08003a2a       0x1a CMakeFiles/MY_FOC_2.elf.dir/Drivers/STM32F1xx_HAL_Driver/Src/stm32f1xx_hal_uart.c.obj
 .text.HAL_UART_TxHalfCpltCallback
                0x08003a44        0x2 CMakeFiles/MY_FOC_2.elf.dir/Drivers/STM32F1xx_HAL_Driver/Src/stm32f1xx_hal_uart.c.obj
                0x08003a44                HAL_UART_TxHalfCpltCallback
 .text.UART_DMATxHalfCplt
                0x08003a46        0xa CMakeFiles/MY_FOC_2.elf.dir/Drivers/STM32F1xx_HAL_Driver/Src/stm32f1xx_hal_uart.c.obj
 .text.HAL_UART_RxCpltCallback
                0x08003a50        0x2 CMakeFiles/MY_FOC_2.elf.dir/Drivers/STM32F1xx_HAL_Driver/Src/stm32f1xx_hal_uart.c.obj
                0x08003a50                HAL_UART_RxCpltCallback
 .text.HAL_UART_ErrorCallback
                0x08003a52        0x2 CMakeFiles/MY_FOC_2.elf.dir/Drivers/STM32F1xx_HAL_Driver/Src/stm32f1xx_hal_uart.c.obj
                0x08003a52                HAL_UART_ErrorCallback
 .text.UART_DMAError
                0x08003a54       0x58 CMakeFiles/MY_FOC_2.elf.dir/Drivers/STM32F1xx_HAL_Driver/Src/stm32f1xx_hal_uart.c.obj
 .text.UART_DMAAbortOnError
                0x08003aac       0x10 CMakeFiles/MY_FOC_2.elf.dir/Drivers/STM32F1xx_HAL_Driver/Src/stm32f1xx_hal_uart.c.obj
 .text.HAL_UARTEx_RxEventCallback
                0x08003abc        0x2 CMakeFiles/MY_FOC_2.elf.dir/Drivers/STM32F1xx_HAL_Driver/Src/stm32f1xx_hal_uart.c.obj
                0x08003abc                HAL_UARTEx_RxEventCallback
 .text.UART_Receive_IT
                0x08003abe       0xd4 CMakeFiles/MY_FOC_2.elf.dir/Drivers/STM32F1xx_HAL_Driver/Src/stm32f1xx_hal_uart.c.obj
 *fill*         0x08003b92        0x2 
 .text.HAL_UART_IRQHandler
                0x08003b94      0x204 CMakeFiles/MY_FOC_2.elf.dir/Drivers/STM32F1xx_HAL_Driver/Src/stm32f1xx_hal_uart.c.obj
                0x08003b94                HAL_UART_IRQHandler
 .text.UART_Start_Receive_IT
                0x08003d98       0x36 CMakeFiles/MY_FOC_2.elf.dir/Drivers/STM32F1xx_HAL_Driver/Src/stm32f1xx_hal_uart.c.obj
                0x08003d98                UART_Start_Receive_IT
 .text.HAL_UART_Receive_IT
                0x08003dce       0x38 CMakeFiles/MY_FOC_2.elf.dir/Drivers/STM32F1xx_HAL_Driver/Src/stm32f1xx_hal_uart.c.obj
                0x08003dce                HAL_UART_Receive_IT
 *fill*         0x08003e06        0x2 
 .text.brushless_motor_Init
                0x08003e08       0x38 CMakeFiles/MY_FOC_2.elf.dir/FOC_Ctrl/BLDC_MOTOR/BLDC_MOTOR.c.obj
                0x08003e08                brushless_motor_Init
 .text.setPwm   0x08003e40       0x10 CMakeFiles/MY_FOC_2.elf.dir/FOC_Ctrl/BLDC_MOTOR/BLDC_MOTOR.c.obj
                0x08003e40                setPwm
 .text.setPhaseVoltage
                0x08003e50      0x2c0 CMakeFiles/MY_FOC_2.elf.dir/FOC_Ctrl/BLDC_MOTOR/BLDC_MOTOR.c.obj
                0x08003e50                setPhaseVoltage
 .text.FOC_SVPWM
                0x08004110       0x10 CMakeFiles/MY_FOC_2.elf.dir/FOC_Ctrl/BLDC_MOTOR/BLDC_MOTOR.c.obj
                0x08004110                FOC_SVPWM
 .text.Clarke   0x08004120       0x2c CMakeFiles/MY_FOC_2.elf.dir/FOC_Ctrl/FOC_Math/FOC_Math.c.obj
                0x08004120                Clarke
 .text.Park     0x0800414c       0xa2 CMakeFiles/MY_FOC_2.elf.dir/FOC_Ctrl/FOC_Math/FOC_Math.c.obj
                0x0800414c                Park
 *fill*         0x080041ee        0x2 
 .text.Inv_Park
                0x080041f0       0xcc CMakeFiles/MY_FOC_2.elf.dir/FOC_Ctrl/FOC_Math/FOC_Math.c.obj
                0x080041f0                Inv_Park
 .text.CurrentPIControlID
                0x080042bc       0xa6 CMakeFiles/MY_FOC_2.elf.dir/FOC_Ctrl/FOC_Math/FOC_Math.c.obj
                0x080042bc                CurrentPIControlID
 .text.CurrentPIControlIQ
                0x08004362       0xc2 CMakeFiles/MY_FOC_2.elf.dir/FOC_Ctrl/FOC_Math/FOC_Math.c.obj
                0x08004362                CurrentPIControlIQ
 .text.SpeedPIControlIQ
                0x08004424       0xce CMakeFiles/MY_FOC_2.elf.dir/FOC_Ctrl/FOC_Math/FOC_Math.c.obj
                0x08004424                SpeedPIControlIQ
 *fill*         0x080044f2        0x2 
 .text.PositionPIDControl
                0x080044f4      0x14c CMakeFiles/MY_FOC_2.elf.dir/FOC_Ctrl/FOC_Math/FOC_Math.c.obj
                0x080044f4                PositionPIDControl
 .text.FocPID_Init
                0x08004640       0xac CMakeFiles/MY_FOC_2.elf.dir/FOC_Ctrl/FOC_Math/FOC_Math.c.obj
                0x08004640                FocPID_Init
 *fill*         0x080046ec        0x4 
 .text.User_APP
                0x080046f0      0x240 CMakeFiles/MY_FOC_2.elf.dir/FOC_Ctrl/User_APP/User_APP.c.obj
                0x080046f0                User_APP
 .text.Read_Angle
                0x08004930       0xf8 CMakeFiles/MY_FOC_2.elf.dir/HARDWARE/MT6701_SPI/MT6701_SPI.c.obj
                0x08004930                Read_Angle
 .text.GetMotor_Speed
                0x08004a28       0x5c CMakeFiles/MY_FOC_2.elf.dir/HARDWARE/MT6701_SPI/MT6701_SPI.c.obj
                0x08004a28                GetMotor_Speed
 .text.ADC_Init
                0x08004a84       0x20 CMakeFiles/MY_FOC_2.elf.dir/HARDWARE/Motor_ADC/Motor_ADC.c.obj
                0x08004a84                ADC_Init
 .text.GetMotorADC1PhaseCurrent
                0x08004aa4       0x68 CMakeFiles/MY_FOC_2.elf.dir/HARDWARE/Motor_ADC/Motor_ADC.c.obj
                0x08004aa4                GetMotorADC1PhaseCurrent
 .text.RetargetInit
                0x08004b0c       0x20 CMakeFiles/MY_FOC_2.elf.dir/HARDWARE/retarget/retarget.c.obj
                0x08004b0c                RetargetInit
 .text._write   0x08004b2c       0x34 CMakeFiles/MY_FOC_2.elf.dir/HARDWARE/retarget/retarget.c.obj
                0x08004b2c                _write
 .text._close   0x08004b60       0x18 CMakeFiles/MY_FOC_2.elf.dir/HARDWARE/retarget/retarget.c.obj
                0x08004b60                _close
 .text._lseek   0x08004b78       0x10 CMakeFiles/MY_FOC_2.elf.dir/HARDWARE/retarget/retarget.c.obj
                0x08004b78                _lseek
 .text._read    0x08004b88       0x30 CMakeFiles/MY_FOC_2.elf.dir/HARDWARE/retarget/retarget.c.obj
                0x08004b88                _read
 .text._fstat   0x08004bb8       0x1a CMakeFiles/MY_FOC_2.elf.dir/HARDWARE/retarget/retarget.c.obj
                0x08004bb8                _fstat
 *fill*         0x08004bd2        0x2 
 .text.__errno  0x08004bd4        0xc e:/clion/arm-none-eabi-gcc/gcc-arm-none-eabi-10.3-2021.10/bin/../lib/gcc/arm-none-eabi/10.3.1/../../../../arm-none-eabi/lib/thumb/v7-m/nofp\libc.a(lib_a-errno.o)
                0x08004bd4                __errno
 .text.__libc_init_array
                0x08004be0       0x48 e:/clion/arm-none-eabi-gcc/gcc-arm-none-eabi-10.3-2021.10/bin/../lib/gcc/arm-none-eabi/10.3.1/../../../../arm-none-eabi/lib/thumb/v7-m/nofp\libc.a(lib_a-init.o)
                0x08004be0                __libc_init_array
 .text.memset   0x08004c28       0xa4 e:/clion/arm-none-eabi-gcc/gcc-arm-none-eabi-10.3-2021.10/bin/../lib/gcc/arm-none-eabi/10.3.1/../../../../arm-none-eabi/lib/thumb/v7-m/nofp\libc.a(lib_a-memset.o)
                0x08004c28                memset
 .text.setvbuf  0x08004ccc      0x1b0 e:/clion/arm-none-eabi-gcc/gcc-arm-none-eabi-10.3-2021.10/bin/../lib/gcc/arm-none-eabi/10.3.1/../../../../arm-none-eabi/lib/thumb/v7-m/nofp\libc.a(lib_a-setvbuf.o)
                0x08004ccc                setvbuf
 .text.startup.register_fini
                0x08004e7c       0x14 e:/clion/arm-none-eabi-gcc/gcc-arm-none-eabi-10.3-2021.10/bin/../lib/gcc/arm-none-eabi/10.3.1/../../../../arm-none-eabi/lib/thumb/v7-m/nofp\libc.a(lib_a-__call_atexit.o)
 .text.atexit   0x08004e90        0xc e:/clion/arm-none-eabi-gcc/gcc-arm-none-eabi-10.3-2021.10/bin/../lib/gcc/arm-none-eabi/10.3.1/../../../../arm-none-eabi/lib/thumb/v7-m/nofp\libc.a(lib_a-atexit.o)
                0x08004e90                atexit
 .text.__sflush_r
                0x08004e9c      0x124 e:/clion/arm-none-eabi-gcc/gcc-arm-none-eabi-10.3-2021.10/bin/../lib/gcc/arm-none-eabi/10.3.1/../../../../arm-none-eabi/lib/thumb/v7-m/nofp\libc.a(lib_a-fflush.o)
                0x08004e9c                __sflush_r
 .text._fflush_r
                0x08004fc0       0x5c e:/clion/arm-none-eabi-gcc/gcc-arm-none-eabi-10.3-2021.10/bin/../lib/gcc/arm-none-eabi/10.3.1/../../../../arm-none-eabi/lib/thumb/v7-m/nofp\libc.a(lib_a-fflush.o)
                0x08004fc0                _fflush_r
 .text._cleanup_r
                0x0800501c        0xc e:/clion/arm-none-eabi-gcc/gcc-arm-none-eabi-10.3-2021.10/bin/../lib/gcc/arm-none-eabi/10.3.1/../../../../arm-none-eabi/lib/thumb/v7-m/nofp\libc.a(lib_a-findfp.o)
                0x0800501c                _cleanup_r
 .text.__sinit  0x08005028      0x10c e:/clion/arm-none-eabi-gcc/gcc-arm-none-eabi-10.3-2021.10/bin/../lib/gcc/arm-none-eabi/10.3.1/../../../../arm-none-eabi/lib/thumb/v7-m/nofp\libc.a(lib_a-findfp.o)
                0x08005028                __sinit
 .text.__sfp_lock_acquire
                0x08005134        0xc e:/clion/arm-none-eabi-gcc/gcc-arm-none-eabi-10.3-2021.10/bin/../lib/gcc/arm-none-eabi/10.3.1/../../../../arm-none-eabi/lib/thumb/v7-m/nofp\libc.a(lib_a-findfp.o)
                0x08005134                __sfp_lock_acquire
 .text.__sfp_lock_release
                0x08005140        0xc e:/clion/arm-none-eabi-gcc/gcc-arm-none-eabi-10.3-2021.10/bin/../lib/gcc/arm-none-eabi/10.3.1/../../../../arm-none-eabi/lib/thumb/v7-m/nofp\libc.a(lib_a-findfp.o)
                0x08005140                __sfp_lock_release
 .text.__libc_fini_array
                0x0800514c       0x2c e:/clion/arm-none-eabi-gcc/gcc-arm-none-eabi-10.3-2021.10/bin/../lib/gcc/arm-none-eabi/10.3.1/../../../../arm-none-eabi/lib/thumb/v7-m/nofp\libc.a(lib_a-fini.o)
                0x0800514c                __libc_fini_array
 .text._malloc_trim_r
                0x08005178       0xa0 e:/clion/arm-none-eabi-gcc/gcc-arm-none-eabi-10.3-2021.10/bin/../lib/gcc/arm-none-eabi/10.3.1/../../../../arm-none-eabi/lib/thumb/v7-m/nofp\libc.a(lib_a-freer.o)
                0x08005178                _malloc_trim_r
 .text._free_r  0x08005218      0x200 e:/clion/arm-none-eabi-gcc/gcc-arm-none-eabi-10.3-2021.10/bin/../lib/gcc/arm-none-eabi/10.3.1/../../../../arm-none-eabi/lib/thumb/v7-m/nofp\libc.a(lib_a-freer.o)
                0x08005218                _free_r
 .text._fwalk_reent
                0x08005418       0x48 e:/clion/arm-none-eabi-gcc/gcc-arm-none-eabi-10.3-2021.10/bin/../lib/gcc/arm-none-eabi/10.3.1/../../../../arm-none-eabi/lib/thumb/v7-m/nofp\libc.a(lib_a-fwalk.o)
                0x08005418                _fwalk_reent
 .text.__retarget_lock_init_recursive
                0x08005460        0x4 e:/clion/arm-none-eabi-gcc/gcc-arm-none-eabi-10.3-2021.10/bin/../lib/gcc/arm-none-eabi/10.3.1/../../../../arm-none-eabi/lib/thumb/v7-m/nofp\libc.a(lib_a-lock.o)
                0x08005460                __retarget_lock_init_recursive
 .text.__retarget_lock_close_recursive
                0x08005464        0x4 e:/clion/arm-none-eabi-gcc/gcc-arm-none-eabi-10.3-2021.10/bin/../lib/gcc/arm-none-eabi/10.3.1/../../../../arm-none-eabi/lib/thumb/v7-m/nofp\libc.a(lib_a-lock.o)
                0x08005464                __retarget_lock_close_recursive
 .text.__retarget_lock_acquire_recursive
                0x08005468        0x4 e:/clion/arm-none-eabi-gcc/gcc-arm-none-eabi-10.3-2021.10/bin/../lib/gcc/arm-none-eabi/10.3.1/../../../../arm-none-eabi/lib/thumb/v7-m/nofp\libc.a(lib_a-lock.o)
                0x08005468                __retarget_lock_acquire_recursive
 .text.__retarget_lock_release_recursive
                0x0800546c        0x4 e:/clion/arm-none-eabi-gcc/gcc-arm-none-eabi-10.3-2021.10/bin/../lib/gcc/arm-none-eabi/10.3.1/../../../../arm-none-eabi/lib/thumb/v7-m/nofp\libc.a(lib_a-lock.o)
                0x0800546c                __retarget_lock_release_recursive
 .text.__swhatbuf_r
                0x08005470       0x60 e:/clion/arm-none-eabi-gcc/gcc-arm-none-eabi-10.3-2021.10/bin/../lib/gcc/arm-none-eabi/10.3.1/../../../../arm-none-eabi/lib/thumb/v7-m/nofp\libc.a(lib_a-makebuf.o)
                0x08005470                __swhatbuf_r
 .text.malloc   0x080054d0       0x10 e:/clion/arm-none-eabi-gcc/gcc-arm-none-eabi-10.3-2021.10/bin/../lib/gcc/arm-none-eabi/10.3.1/../../../../arm-none-eabi/lib/thumb/v7-m/nofp\libc.a(lib_a-malloc.o)
                0x080054d0                malloc
 .text._malloc_r
                0x080054e0      0x558 e:/clion/arm-none-eabi-gcc/gcc-arm-none-eabi-10.3-2021.10/bin/../lib/gcc/arm-none-eabi/10.3.1/../../../../arm-none-eabi/lib/thumb/v7-m/nofp\libc.a(lib_a-mallocr.o)
                0x080054e0                _malloc_r
 .text.__malloc_lock
                0x08005a38        0xc e:/clion/arm-none-eabi-gcc/gcc-arm-none-eabi-10.3-2021.10/bin/../lib/gcc/arm-none-eabi/10.3.1/../../../../arm-none-eabi/lib/thumb/v7-m/nofp\libc.a(lib_a-mlock.o)
                0x08005a38                __malloc_lock
 .text.__malloc_unlock
                0x08005a44        0xc e:/clion/arm-none-eabi-gcc/gcc-arm-none-eabi-10.3-2021.10/bin/../lib/gcc/arm-none-eabi/10.3.1/../../../../arm-none-eabi/lib/thumb/v7-m/nofp\libc.a(lib_a-mlock.o)
                0x08005a44                __malloc_unlock
 .text._sbrk_r  0x08005a50       0x24 e:/clion/arm-none-eabi-gcc/gcc-arm-none-eabi-10.3-2021.10/bin/../lib/gcc/arm-none-eabi/10.3.1/../../../../arm-none-eabi/lib/thumb/v7-m/nofp\libc.a(lib_a-sbrkr.o)
                0x08005a50                _sbrk_r
 .text.__sread  0x08005a74       0x24 e:/clion/arm-none-eabi-gcc/gcc-arm-none-eabi-10.3-2021.10/bin/../lib/gcc/arm-none-eabi/10.3.1/../../../../arm-none-eabi/lib/thumb/v7-m/nofp\libc.a(lib_a-stdio.o)
                0x08005a74                __sread
 .text.__swrite
                0x08005a98       0x40 e:/clion/arm-none-eabi-gcc/gcc-arm-none-eabi-10.3-2021.10/bin/../lib/gcc/arm-none-eabi/10.3.1/../../../../arm-none-eabi/lib/thumb/v7-m/nofp\libc.a(lib_a-stdio.o)
                0x08005a98                __swrite
 .text.__sseek  0x08005ad8       0x20 e:/clion/arm-none-eabi-gcc/gcc-arm-none-eabi-10.3-2021.10/bin/../lib/gcc/arm-none-eabi/10.3.1/../../../../arm-none-eabi/lib/thumb/v7-m/nofp\libc.a(lib_a-stdio.o)
                0x08005ad8                __sseek
 .text.__sclose
                0x08005af8        0x8 e:/clion/arm-none-eabi-gcc/gcc-arm-none-eabi-10.3-2021.10/bin/../lib/gcc/arm-none-eabi/10.3.1/../../../../arm-none-eabi/lib/thumb/v7-m/nofp\libc.a(lib_a-stdio.o)
                0x08005af8                __sclose
 .text._write_r
                0x08005b00       0x2c e:/clion/arm-none-eabi-gcc/gcc-arm-none-eabi-10.3-2021.10/bin/../lib/gcc/arm-none-eabi/10.3.1/../../../../arm-none-eabi/lib/thumb/v7-m/nofp\libc.a(lib_a-writer.o)
                0x08005b00                _write_r
 .text.__register_exitproc
                0x08005b2c       0x8c e:/clion/arm-none-eabi-gcc/gcc-arm-none-eabi-10.3-2021.10/bin/../lib/gcc/arm-none-eabi/10.3.1/../../../../arm-none-eabi/lib/thumb/v7-m/nofp\libc.a(lib_a-__atexit.o)
                0x08005b2c                __register_exitproc
 .text._close_r
                0x08005bb8       0x24 e:/clion/arm-none-eabi-gcc/gcc-arm-none-eabi-10.3-2021.10/bin/../lib/gcc/arm-none-eabi/10.3.1/../../../../arm-none-eabi/lib/thumb/v7-m/nofp\libc.a(lib_a-closer.o)
                0x08005bb8                _close_r
 .text._fclose_r
                0x08005bdc       0xcc e:/clion/arm-none-eabi-gcc/gcc-arm-none-eabi-10.3-2021.10/bin/../lib/gcc/arm-none-eabi/10.3.1/../../../../arm-none-eabi/lib/thumb/v7-m/nofp\libc.a(lib_a-fclose.o)
                0x08005bdc                _fclose_r
 .text._fstat_r
                0x08005ca8       0x28 e:/clion/arm-none-eabi-gcc/gcc-arm-none-eabi-10.3-2021.10/bin/../lib/gcc/arm-none-eabi/10.3.1/../../../../arm-none-eabi/lib/thumb/v7-m/nofp\libc.a(lib_a-fstatr.o)
                0x08005ca8                _fstat_r
 .text._lseek_r
                0x08005cd0       0x2c e:/clion/arm-none-eabi-gcc/gcc-arm-none-eabi-10.3-2021.10/bin/../lib/gcc/arm-none-eabi/10.3.1/../../../../arm-none-eabi/lib/thumb/v7-m/nofp\libc.a(lib_a-lseekr.o)
                0x08005cd0                _lseek_r
 .text._read_r  0x08005cfc       0x2c e:/clion/arm-none-eabi-gcc/gcc-arm-none-eabi-10.3-2021.10/bin/../lib/gcc/arm-none-eabi/10.3.1/../../../../arm-none-eabi/lib/thumb/v7-m/nofp\libc.a(lib_a-readr.o)
                0x08005cfc                _read_r
 *(.glue_7)
 .glue_7        0x08005d28        0x0 linker stubs
 *(.glue_7t)
 .glue_7t       0x08005d28        0x0 linker stubs
 *(.eh_frame)
 .eh_frame      0x08005d28        0x0 e:/clion/arm-none-eabi-gcc/gcc-arm-none-eabi-10.3-2021.10/bin/../lib/gcc/arm-none-eabi/10.3.1/thumb/v7-m/nofp/crtbegin.o
 *(.init)
 .init          0x08005d28        0x4 e:/clion/arm-none-eabi-gcc/gcc-arm-none-eabi-10.3-2021.10/bin/../lib/gcc/arm-none-eabi/10.3.1/thumb/v7-m/nofp/crti.o
                0x08005d28                _init
 .init          0x08005d2c        0x8 e:/clion/arm-none-eabi-gcc/gcc-arm-none-eabi-10.3-2021.10/bin/../lib/gcc/arm-none-eabi/10.3.1/thumb/v7-m/nofp/crtn.o
 *(.fini)
 .fini          0x08005d34        0x4 e:/clion/arm-none-eabi-gcc/gcc-arm-none-eabi-10.3-2021.10/bin/../lib/gcc/arm-none-eabi/10.3.1/thumb/v7-m/nofp/crti.o
                0x08005d34                _fini
 .fini          0x08005d38        0x8 e:/clion/arm-none-eabi-gcc/gcc-arm-none-eabi-10.3-2021.10/bin/../lib/gcc/arm-none-eabi/10.3.1/thumb/v7-m/nofp/crtn.o
                0x08005d40                . = ALIGN (0x4)
                0x08005d40                _etext = .

.vfp11_veneer   0x08005d40        0x0
 .vfp11_veneer  0x08005d40        0x0 linker stubs

.v4_bx          0x08005d40        0x0
 .v4_bx         0x08005d40        0x0 linker stubs

.iplt           0x08005d40        0x0
 .iplt          0x08005d40        0x0 e:/clion/arm-none-eabi-gcc/gcc-arm-none-eabi-10.3-2021.10/bin/../lib/gcc/arm-none-eabi/10.3.1/thumb/v7-m/nofp/crtbegin.o

_IQ28cos        0x08005d40       0xb8
 _IQ28cos       0x08005d40       0xb8 ..\Lib\IQmathLib-cm3.lib(IQNcos.o)
                0x08005d40                _IQ28cos

_IQ17div        0x08005df8       0x90
 _IQ17div       0x08005df8       0x90 ..\Lib\IQmathLib-cm3.lib(IQNdiv.o)
                0x08005df8                _IQ17div

_IQ17mpy        0x08005e88       0x10
 _IQ17mpy       0x08005e88       0x10 ..\Lib\IQmathLib-cm3.lib(IQNmpy.o)
                0x08005e88                _IQ17mpy

_IQ19mpy        0x08005e98       0x10
 _IQ19mpy       0x08005e98       0x10 ..\Lib\IQmathLib-cm3.lib(IQNmpy.o)
                0x08005e98                _IQ19mpy

_IQ24mpy        0x08005ea8       0x10
 _IQ24mpy       0x08005ea8       0x10 ..\Lib\IQmathLib-cm3.lib(IQNmpy.o)
                0x08005ea8                _IQ24mpy

_IQ28mpy        0x08005eb8       0x10
 _IQ28mpy       0x08005eb8       0x10 ..\Lib\IQmathLib-cm3.lib(IQNmpy.o)
                0x08005eb8                _IQ28mpy

_IQ28sin        0x08005ec8       0xb4
 _IQ28sin       0x08005ec8       0xb4 ..\Lib\IQmathLib-cm3.lib(IQNsin.o)
                0x08005ec8                _IQ28sin

_IQ17toF        0x08005f7c       0x24
 _IQ17toF       0x08005f7c       0x24 ..\Lib\IQmathLib-cm3.lib(IQNtoF.o)
                0x08005f7c                _IQ17toF

_IQ19toF        0x08005fa0       0x24
 _IQ19toF       0x08005fa0       0x24 ..\Lib\IQmathLib-cm3.lib(IQNtoF.o)
                0x08005fa0                _IQ19toF

_IQ24toF        0x08005fc4       0x24
 _IQ24toF       0x08005fc4       0x24 ..\Lib\IQmathLib-cm3.lib(IQNtoF.o)
                0x08005fc4                _IQ24toF

_IQ28toF        0x08005fe8       0x24
 _IQ28toF       0x08005fe8       0x24 ..\Lib\IQmathLib-cm3.lib(IQNtoF.o)
                0x08005fe8                _IQ28toF

sincos_table    0x0800600c      0x804
 sincos_table   0x0800600c      0x804 ..\Lib\IQmathLib-cm3.lib(IQtables.o)
                0x0800600c                sincos_table

.rodata         0x08006810       0x30
                0x08006810                . = ALIGN (0x4)
 *(.rodata)
 *(.rodata*)
 .rodata.AHBPrescTable
                0x08006810       0x10 CMakeFiles/MY_FOC_2.elf.dir/Core/Src/system_stm32f1xx.c.obj
                0x08006810                AHBPrescTable
 .rodata.APBPrescTable
                0x08006820        0x8 CMakeFiles/MY_FOC_2.elf.dir/Core/Src/system_stm32f1xx.c.obj
                0x08006820                APBPrescTable
 .rodata.HAL_RCC_GetSysClockFreq.str1.4
                0x08006828       0x11 CMakeFiles/MY_FOC_2.elf.dir/Drivers/STM32F1xx_HAL_Driver/Src/stm32f1xx_hal_rcc.c.obj
 .rodata.HAL_RCCEx_GetPeriphCLKFreq.str1.4
                0x08006839       0x11 CMakeFiles/MY_FOC_2.elf.dir/Drivers/STM32F1xx_HAL_Driver/Src/stm32f1xx_hal_rcc_ex.c.obj
 *fill*         0x08006839        0x3 
 .rodata._global_impure_ptr
                0x0800683c        0x4 e:/clion/arm-none-eabi-gcc/gcc-arm-none-eabi-10.3-2021.10/bin/../lib/gcc/arm-none-eabi/10.3.1/../../../../arm-none-eabi/lib/thumb/v7-m/nofp\libc.a(lib_a-impure.o)
                0x0800683c                _global_impure_ptr
                0x08006840                . = ALIGN (0x4)

.rel.dyn        0x08006840        0x0
 .rel.iplt      0x08006840        0x0 e:/clion/arm-none-eabi-gcc/gcc-arm-none-eabi-10.3-2021.10/bin/../lib/gcc/arm-none-eabi/10.3.1/thumb/v7-m/nofp/crtbegin.o

.ARM.extab      0x08006840        0x0
                0x08006840                . = ALIGN (0x4)
 *(.ARM.extab* .gnu.linkonce.armextab.*)
                0x08006840                . = ALIGN (0x4)

.ARM            0x08006840        0x0
                0x08006840                . = ALIGN (0x4)
                0x08006840                __exidx_start = .
 *(.ARM.exidx*)
                0x08006840                __exidx_end = .
                0x08006840                . = ALIGN (0x4)

.preinit_array  0x08006840        0x0
                0x08006840                . = ALIGN (0x4)
                0x08006840                PROVIDE (__preinit_array_start = .)
 *(.preinit_array*)
                0x08006840                PROVIDE (__preinit_array_end = .)
                0x08006840                . = ALIGN (0x4)

.init_array     0x08006840        0x8
                0x08006840                . = ALIGN (0x4)
                0x08006840                PROVIDE (__init_array_start = .)
 *(SORT_BY_NAME(.init_array.*))
 .init_array.00000
                0x08006840        0x4 e:/clion/arm-none-eabi-gcc/gcc-arm-none-eabi-10.3-2021.10/bin/../lib/gcc/arm-none-eabi/10.3.1/../../../../arm-none-eabi/lib/thumb/v7-m/nofp\libc.a(lib_a-__call_atexit.o)
 *(.init_array*)
 .init_array    0x08006844        0x4 e:/clion/arm-none-eabi-gcc/gcc-arm-none-eabi-10.3-2021.10/bin/../lib/gcc/arm-none-eabi/10.3.1/thumb/v7-m/nofp/crtbegin.o
                0x08006848                PROVIDE (__init_array_end = .)
                0x08006848                . = ALIGN (0x4)

.fini_array     0x08006848        0x4
                0x08006848                . = ALIGN (0x4)
                0x08006848                PROVIDE (__fini_array_start = .)
 *(SORT_BY_NAME(.fini_array.*))
 *(.fini_array*)
 .fini_array    0x08006848        0x4 e:/clion/arm-none-eabi-gcc/gcc-arm-none-eabi-10.3-2021.10/bin/../lib/gcc/arm-none-eabi/10.3.1/thumb/v7-m/nofp/crtbegin.o
                0x0800684c                PROVIDE (__fini_array_end = .)
                0x0800684c                . = ALIGN (0x4)
                0x0800684c                _sidata = LOADADDR (.data)

.data           0x20000000      0x874 load address 0x0800684c
                0x20000000                . = ALIGN (0x4)
                0x20000000                _sdata = .
 *(.data)
 *(.data*)
 .data.sendData
                0x20000000       0x28 CMakeFiles/MY_FOC_2.elf.dir/Core/Src/main.c.obj
 .data.SystemCoreClock
                0x20000028        0x4 CMakeFiles/MY_FOC_2.elf.dir/Core/Src/system_stm32f1xx.c.obj
                0x20000028                SystemCoreClock
 .data.uwTickFreq
                0x2000002c        0x1 CMakeFiles/MY_FOC_2.elf.dir/Drivers/STM32F1xx_HAL_Driver/Src/stm32f1xx_hal.c.obj
                0x2000002c                uwTickFreq
 *fill*         0x2000002d        0x3 
 .data.uwTickPrio
                0x20000030        0x4 CMakeFiles/MY_FOC_2.elf.dir/Drivers/STM32F1xx_HAL_Driver/Src/stm32f1xx_hal.c.obj
                0x20000030                uwTickPrio
 .data._impure_ptr
                0x20000034        0x4 e:/clion/arm-none-eabi-gcc/gcc-arm-none-eabi-10.3-2021.10/bin/../lib/gcc/arm-none-eabi/10.3.1/../../../../arm-none-eabi/lib/thumb/v7-m/nofp\libc.a(lib_a-impure.o)
                0x20000034                _impure_ptr
 .data.impure_data
                0x20000038      0x428 e:/clion/arm-none-eabi-gcc/gcc-arm-none-eabi-10.3-2021.10/bin/../lib/gcc/arm-none-eabi/10.3.1/../../../../arm-none-eabi/lib/thumb/v7-m/nofp\libc.a(lib_a-impure.o)
 .data.__atexit_recursive_mutex
                0x20000460        0x4 e:/clion/arm-none-eabi-gcc/gcc-arm-none-eabi-10.3-2021.10/bin/../lib/gcc/arm-none-eabi/10.3.1/../../../../arm-none-eabi/lib/thumb/v7-m/nofp\libc.a(lib_a-__call_atexit.o)
                0x20000460                __atexit_recursive_mutex
 .data.__malloc_av_
                0x20000464      0x408 e:/clion/arm-none-eabi-gcc/gcc-arm-none-eabi-10.3-2021.10/bin/../lib/gcc/arm-none-eabi/10.3.1/../../../../arm-none-eabi/lib/thumb/v7-m/nofp\libc.a(lib_a-mallocr.o)
                0x20000464                __malloc_av_
 .data.__malloc_sbrk_base
                0x2000086c        0x4 e:/clion/arm-none-eabi-gcc/gcc-arm-none-eabi-10.3-2021.10/bin/../lib/gcc/arm-none-eabi/10.3.1/../../../../arm-none-eabi/lib/thumb/v7-m/nofp\libc.a(lib_a-mallocr.o)
                0x2000086c                __malloc_sbrk_base
 .data.__malloc_trim_threshold
                0x20000870        0x4 e:/clion/arm-none-eabi-gcc/gcc-arm-none-eabi-10.3-2021.10/bin/../lib/gcc/arm-none-eabi/10.3.1/../../../../arm-none-eabi/lib/thumb/v7-m/nofp\libc.a(lib_a-mallocr.o)
                0x20000870                __malloc_trim_threshold
 *(.RamFunc)
 *(.RamFunc*)
                0x20000874                . = ALIGN (0x4)
                0x20000874                _edata = .

.igot.plt       0x20000874        0x0 load address 0x080070c0
 .igot.plt      0x20000874        0x0 e:/clion/arm-none-eabi-gcc/gcc-arm-none-eabi-10.3-2021.10/bin/../lib/gcc/arm-none-eabi/10.3.1/thumb/v7-m/nofp/crtbegin.o
                0x20000874                . = ALIGN (0x4)

.bss            0x20000874      0x344 load address 0x080070c0
                0x20000874                _sbss = .
                0x20000874                __bss_start__ = _sbss
 *(.bss)
 .bss           0x20000874       0x1c e:/clion/arm-none-eabi-gcc/gcc-arm-none-eabi-10.3-2021.10/bin/../lib/gcc/arm-none-eabi/10.3.1/thumb/v7-m/nofp/crtbegin.o
 *(.bss*)
 .bss.hadc1     0x20000890       0x30 CMakeFiles/MY_FOC_2.elf.dir/Core/Src/adc.c.obj
                0x20000890                hadc1
 .bss.hdma_adc1
                0x200008c0       0x44 CMakeFiles/MY_FOC_2.elf.dir/Core/Src/adc.c.obj
                0x200008c0                hdma_adc1
 .bss.Buffer    0x20000904        0x1 CMakeFiles/MY_FOC_2.elf.dir/Core/Src/main.c.obj
                0x20000904                Buffer
 *fill*         0x20000905        0x3 
 .bss.motor_a   0x20000908       0xe4 CMakeFiles/MY_FOC_2.elf.dir/Core/Src/main.c.obj
                0x20000908                motor_a
 .bss.sendTX    0x200009ec       0x24 CMakeFiles/MY_FOC_2.elf.dir/Core/Src/main.c.obj
                0x200009ec                sendTX
 .bss.hspi1     0x20000a10       0x58 CMakeFiles/MY_FOC_2.elf.dir/Core/Src/spi.c.obj
                0x20000a10                hspi1
 .bss.__sbrk_heap_end
                0x20000a68        0x4 CMakeFiles/MY_FOC_2.elf.dir/Core/Src/sysmem.c.obj
 .bss.htim1     0x20000a6c       0x48 CMakeFiles/MY_FOC_2.elf.dir/Core/Src/tim.c.obj
                0x20000a6c                htim1
 .bss.hdma_usart3_tx
                0x20000ab4       0x44 CMakeFiles/MY_FOC_2.elf.dir/Core/Src/usart.c.obj
                0x20000ab4                hdma_usart3_tx
 .bss.huart3    0x20000af8       0x44 CMakeFiles/MY_FOC_2.elf.dir/Core/Src/usart.c.obj
                0x20000af8                huart3
 .bss.uwTick    0x20000b3c        0x4 CMakeFiles/MY_FOC_2.elf.dir/Drivers/STM32F1xx_HAL_Driver/Src/stm32f1xx_hal.c.obj
                0x20000b3c                uwTick
 .bss.i.1       0x20000b40        0x4 CMakeFiles/MY_FOC_2.elf.dir/FOC_Ctrl/User_APP/User_APP.c.obj
 .bss.iqPID_Last_out.0
                0x20000b44        0x4 CMakeFiles/MY_FOC_2.elf.dir/FOC_Ctrl/User_APP/User_APP.c.obj
 .bss.angle.4   0x20000b48        0x4 CMakeFiles/MY_FOC_2.elf.dir/HARDWARE/MT6701_SPI/MT6701_SPI.c.obj
 .bss.angle_el.3
                0x20000b4c        0x4 CMakeFiles/MY_FOC_2.elf.dir/HARDWARE/MT6701_SPI/MT6701_SPI.c.obj
 .bss.data.5    0x20000b50        0x4 CMakeFiles/MY_FOC_2.elf.dir/HARDWARE/MT6701_SPI/MT6701_SPI.c.obj
 .bss.data_RX.6
                0x20000b54        0x3 CMakeFiles/MY_FOC_2.elf.dir/HARDWARE/MT6701_SPI/MT6701_SPI.c.obj
 *fill*         0x20000b57        0x1 
 .bss.last_mangle.1
                0x20000b58        0x4 CMakeFiles/MY_FOC_2.elf.dir/HARDWARE/MT6701_SPI/MT6701_SPI.c.obj
 .bss.last_speed.0
                0x20000b5c        0x4 CMakeFiles/MY_FOC_2.elf.dir/HARDWARE/MT6701_SPI/MT6701_SPI.c.obj
 .bss.mangle.2  0x20000b60        0x4 CMakeFiles/MY_FOC_2.elf.dir/HARDWARE/MT6701_SPI/MT6701_SPI.c.obj
 .bss.ADC_Value
                0x20000b64        0x4 CMakeFiles/MY_FOC_2.elf.dir/HARDWARE/Motor_ADC/Motor_ADC.c.obj
                0x20000b64                ADC_Value
 .bss.adcValue  0x20000b68        0x4 CMakeFiles/MY_FOC_2.elf.dir/HARDWARE/Motor_ADC/Motor_ADC.c.obj
                0x20000b68                adcValue
 .bss.gHuart    0x20000b6c        0x4 CMakeFiles/MY_FOC_2.elf.dir/HARDWARE/retarget/retarget.c.obj
                0x20000b6c                gHuart
 .bss.__lock___atexit_recursive_mutex
                0x20000b70        0x1 e:/clion/arm-none-eabi-gcc/gcc-arm-none-eabi-10.3-2021.10/bin/../lib/gcc/arm-none-eabi/10.3.1/../../../../arm-none-eabi/lib/thumb/v7-m/nofp\libc.a(lib_a-lock.o)
                0x20000b70                __lock___atexit_recursive_mutex
 *fill*         0x20000b71        0x3 
 .bss.__lock___malloc_recursive_mutex
                0x20000b74        0x1 e:/clion/arm-none-eabi-gcc/gcc-arm-none-eabi-10.3-2021.10/bin/../lib/gcc/arm-none-eabi/10.3.1/../../../../arm-none-eabi/lib/thumb/v7-m/nofp\libc.a(lib_a-lock.o)
                0x20000b74                __lock___malloc_recursive_mutex
 *fill*         0x20000b75        0x3 
 .bss.__lock___sfp_recursive_mutex
                0x20000b78        0x1 e:/clion/arm-none-eabi-gcc/gcc-arm-none-eabi-10.3-2021.10/bin/../lib/gcc/arm-none-eabi/10.3.1/../../../../arm-none-eabi/lib/thumb/v7-m/nofp\libc.a(lib_a-lock.o)
                0x20000b78                __lock___sfp_recursive_mutex
 *fill*         0x20000b79        0x3 
 .bss.__lock___sinit_recursive_mutex
                0x20000b7c        0x1 e:/clion/arm-none-eabi-gcc/gcc-arm-none-eabi-10.3-2021.10/bin/../lib/gcc/arm-none-eabi/10.3.1/../../../../arm-none-eabi/lib/thumb/v7-m/nofp\libc.a(lib_a-lock.o)
                0x20000b7c                __lock___sinit_recursive_mutex
 *fill*         0x20000b7d        0x3 
 .bss.__malloc_current_mallinfo
                0x20000b80       0x28 e:/clion/arm-none-eabi-gcc/gcc-arm-none-eabi-10.3-2021.10/bin/../lib/gcc/arm-none-eabi/10.3.1/../../../../arm-none-eabi/lib/thumb/v7-m/nofp\libc.a(lib_a-mallocr.o)
                0x20000b80                __malloc_current_mallinfo
 .bss.__malloc_max_sbrked_mem
                0x20000ba8        0x4 e:/clion/arm-none-eabi-gcc/gcc-arm-none-eabi-10.3-2021.10/bin/../lib/gcc/arm-none-eabi/10.3.1/../../../../arm-none-eabi/lib/thumb/v7-m/nofp\libc.a(lib_a-mallocr.o)
                0x20000ba8                __malloc_max_sbrked_mem
 .bss.__malloc_max_total_mem
                0x20000bac        0x4 e:/clion/arm-none-eabi-gcc/gcc-arm-none-eabi-10.3-2021.10/bin/../lib/gcc/arm-none-eabi/10.3.1/../../../../arm-none-eabi/lib/thumb/v7-m/nofp\libc.a(lib_a-mallocr.o)
                0x20000bac                __malloc_max_total_mem
 .bss.__malloc_top_pad
                0x20000bb0        0x4 e:/clion/arm-none-eabi-gcc/gcc-arm-none-eabi-10.3-2021.10/bin/../lib/gcc/arm-none-eabi/10.3.1/../../../../arm-none-eabi/lib/thumb/v7-m/nofp\libc.a(lib_a-mallocr.o)
                0x20000bb0                __malloc_top_pad
 .bss.errno     0x20000bb4        0x4 e:/clion/arm-none-eabi-gcc/gcc-arm-none-eabi-10.3-2021.10/bin/../lib/gcc/arm-none-eabi/10.3.1/../../../../arm-none-eabi/lib/thumb/v7-m/nofp\libc.a(lib_a-reent.o)
                0x20000bb4                errno
 *(COMMON)
                0x20000bb8                . = ALIGN (0x4)
                0x20000bb8                _ebss = .
                0x20000bb8                __bss_end__ = _ebss

._user_heap_stack
                0x20000bb8      0x600 load address 0x080070c0
                0x20000bb8                . = ALIGN (0x8)
                [!provide]                PROVIDE (end = .)
                0x20000bb8                PROVIDE (_end = .)
                0x20000db8                . = (. + _Min_Heap_Size)
 *fill*         0x20000bb8      0x200 
                0x200011b8                . = (. + _Min_Stack_Size)
 *fill*         0x20000db8      0x400 
                0x200011b8                . = ALIGN (0x8)

/DISCARD/
 libc.a(*)
 libm.a(*)
 libgcc.a(*)

.ARM.attributes
                0x00000000       0x2b
 *(.ARM.attributes)
 .ARM.attributes
                0x00000000       0x1d e:/clion/arm-none-eabi-gcc/gcc-arm-none-eabi-10.3-2021.10/bin/../lib/gcc/arm-none-eabi/10.3.1/thumb/v7-m/nofp/crti.o
 .ARM.attributes
                0x0000001d       0x2d e:/clion/arm-none-eabi-gcc/gcc-arm-none-eabi-10.3-2021.10/bin/../lib/gcc/arm-none-eabi/10.3.1/thumb/v7-m/nofp/crtbegin.o
 .ARM.attributes
                0x0000004a       0x2d CMakeFiles/MY_FOC_2.elf.dir/Core/Src/adc.c.obj
 .ARM.attributes
                0x00000077       0x2d CMakeFiles/MY_FOC_2.elf.dir/Core/Src/dma.c.obj
 .ARM.attributes
                0x000000a4       0x2d CMakeFiles/MY_FOC_2.elf.dir/Core/Src/gpio.c.obj
 .ARM.attributes
                0x000000d1       0x2d CMakeFiles/MY_FOC_2.elf.dir/Core/Src/main.c.obj
 .ARM.attributes
                0x000000fe       0x2d CMakeFiles/MY_FOC_2.elf.dir/Core/Src/spi.c.obj
 .ARM.attributes
                0x0000012b       0x2d CMakeFiles/MY_FOC_2.elf.dir/Core/Src/stm32f1xx_hal_msp.c.obj
 .ARM.attributes
                0x00000158       0x2d CMakeFiles/MY_FOC_2.elf.dir/Core/Src/stm32f1xx_it.c.obj
 .ARM.attributes
                0x00000185       0x2d CMakeFiles/MY_FOC_2.elf.dir/Core/Src/sysmem.c.obj
 .ARM.attributes
                0x000001b2       0x2d CMakeFiles/MY_FOC_2.elf.dir/Core/Src/system_stm32f1xx.c.obj
 .ARM.attributes
                0x000001df       0x2d CMakeFiles/MY_FOC_2.elf.dir/Core/Src/tim.c.obj
 .ARM.attributes
                0x0000020c       0x2d CMakeFiles/MY_FOC_2.elf.dir/Core/Src/usart.c.obj
 .ARM.attributes
                0x00000239       0x21 CMakeFiles/MY_FOC_2.elf.dir/Core/Startup/startup_stm32f103c8tx.s.obj
 .ARM.attributes
                0x0000025a       0x2d CMakeFiles/MY_FOC_2.elf.dir/Drivers/STM32F1xx_HAL_Driver/Src/stm32f1xx_hal.c.obj
 .ARM.attributes
                0x00000287       0x2d CMakeFiles/MY_FOC_2.elf.dir/Drivers/STM32F1xx_HAL_Driver/Src/stm32f1xx_hal_adc.c.obj
 .ARM.attributes
                0x000002b4       0x2d CMakeFiles/MY_FOC_2.elf.dir/Drivers/STM32F1xx_HAL_Driver/Src/stm32f1xx_hal_adc_ex.c.obj
 .ARM.attributes
                0x000002e1       0x2d CMakeFiles/MY_FOC_2.elf.dir/Drivers/STM32F1xx_HAL_Driver/Src/stm32f1xx_hal_cortex.c.obj
 .ARM.attributes
                0x0000030e       0x2d CMakeFiles/MY_FOC_2.elf.dir/Drivers/STM32F1xx_HAL_Driver/Src/stm32f1xx_hal_dma.c.obj
 .ARM.attributes
                0x0000033b       0x2d CMakeFiles/MY_FOC_2.elf.dir/Drivers/STM32F1xx_HAL_Driver/Src/stm32f1xx_hal_gpio.c.obj
 .ARM.attributes
                0x00000368       0x2d CMakeFiles/MY_FOC_2.elf.dir/Drivers/STM32F1xx_HAL_Driver/Src/stm32f1xx_hal_rcc.c.obj
 .ARM.attributes
                0x00000395       0x2d CMakeFiles/MY_FOC_2.elf.dir/Drivers/STM32F1xx_HAL_Driver/Src/stm32f1xx_hal_rcc_ex.c.obj
 .ARM.attributes
                0x000003c2       0x2d CMakeFiles/MY_FOC_2.elf.dir/Drivers/STM32F1xx_HAL_Driver/Src/stm32f1xx_hal_spi.c.obj
 .ARM.attributes
                0x000003ef       0x2d CMakeFiles/MY_FOC_2.elf.dir/Drivers/STM32F1xx_HAL_Driver/Src/stm32f1xx_hal_tim.c.obj
 .ARM.attributes
                0x0000041c       0x2d CMakeFiles/MY_FOC_2.elf.dir/Drivers/STM32F1xx_HAL_Driver/Src/stm32f1xx_hal_tim_ex.c.obj
 .ARM.attributes
                0x00000449       0x2d CMakeFiles/MY_FOC_2.elf.dir/Drivers/STM32F1xx_HAL_Driver/Src/stm32f1xx_hal_uart.c.obj
 .ARM.attributes
                0x00000476       0x2d CMakeFiles/MY_FOC_2.elf.dir/FOC_Ctrl/BLDC_MOTOR/BLDC_MOTOR.c.obj
 .ARM.attributes
                0x000004a3       0x2d CMakeFiles/MY_FOC_2.elf.dir/FOC_Ctrl/FOC_Math/FOC_Math.c.obj
 .ARM.attributes
                0x000004d0       0x2d CMakeFiles/MY_FOC_2.elf.dir/FOC_Ctrl/User_APP/User_APP.c.obj
 .ARM.attributes
                0x000004fd       0x2d CMakeFiles/MY_FOC_2.elf.dir/HARDWARE/MT6701_SPI/MT6701_SPI.c.obj
 .ARM.attributes
                0x0000052a       0x2d CMakeFiles/MY_FOC_2.elf.dir/HARDWARE/Motor_ADC/Motor_ADC.c.obj
 .ARM.attributes
                0x00000557       0x2d CMakeFiles/MY_FOC_2.elf.dir/HARDWARE/retarget/retarget.c.obj
 .ARM.attributes
                0x00000584       0x3e ..\Lib\IQmathLib-cm3.lib(IQNcos.o)
 .ARM.attributes
                0x000005c2       0x3e ..\Lib\IQmathLib-cm3.lib(IQNdiv.o)
 .ARM.attributes
                0x00000600       0x3e ..\Lib\IQmathLib-cm3.lib(IQNmpy.o)
 .ARM.attributes
                0x0000063e       0x3e ..\Lib\IQmathLib-cm3.lib(IQNsin.o)
 .ARM.attributes
                0x0000067c       0x3e ..\Lib\IQmathLib-cm3.lib(IQNtoF.o)
 .ARM.attributes
                0x000006ba       0x3e ..\Lib\IQmathLib-cm3.lib(IQtables.o)
 .ARM.attributes
                0x000006f8       0x1d e:/clion/arm-none-eabi-gcc/gcc-arm-none-eabi-10.3-2021.10/bin/../lib/gcc/arm-none-eabi/10.3.1/thumb/v7-m/nofp\libgcc.a(_arm_addsubdf3.o)
 .ARM.attributes
                0x00000715       0x1d e:/clion/arm-none-eabi-gcc/gcc-arm-none-eabi-10.3-2021.10/bin/../lib/gcc/arm-none-eabi/10.3.1/thumb/v7-m/nofp\libgcc.a(_arm_cmpdf2.o)
 .ARM.attributes
                0x00000732       0x1d e:/clion/arm-none-eabi-gcc/gcc-arm-none-eabi-10.3-2021.10/bin/../lib/gcc/arm-none-eabi/10.3.1/thumb/v7-m/nofp\libgcc.a(_arm_addsubsf3.o)
 .ARM.attributes
                0x0000074f       0x1d e:/clion/arm-none-eabi-gcc/gcc-arm-none-eabi-10.3-2021.10/bin/../lib/gcc/arm-none-eabi/10.3.1/thumb/v7-m/nofp\libgcc.a(_arm_muldivsf3.o)
 .ARM.attributes
                0x0000076c       0x1d e:/clion/arm-none-eabi-gcc/gcc-arm-none-eabi-10.3-2021.10/bin/../lib/gcc/arm-none-eabi/10.3.1/thumb/v7-m/nofp\libgcc.a(_arm_cmpsf2.o)
 .ARM.attributes
                0x00000789       0x1d e:/clion/arm-none-eabi-gcc/gcc-arm-none-eabi-10.3-2021.10/bin/../lib/gcc/arm-none-eabi/10.3.1/thumb/v7-m/nofp\libgcc.a(_arm_fixsfsi.o)
 .ARM.attributes
                0x000007a6       0x2d e:/clion/arm-none-eabi-gcc/gcc-arm-none-eabi-10.3-2021.10/bin/../lib/gcc/arm-none-eabi/10.3.1/../../../../arm-none-eabi/lib/thumb/v7-m/nofp\libc.a(lib_a-errno.o)
 .ARM.attributes
                0x000007d3       0x2d e:/clion/arm-none-eabi-gcc/gcc-arm-none-eabi-10.3-2021.10/bin/../lib/gcc/arm-none-eabi/10.3.1/../../../../arm-none-eabi/lib/thumb/v7-m/nofp\libc.a(lib_a-impure.o)
 .ARM.attributes
                0x00000800       0x2d e:/clion/arm-none-eabi-gcc/gcc-arm-none-eabi-10.3-2021.10/bin/../lib/gcc/arm-none-eabi/10.3.1/../../../../arm-none-eabi/lib/thumb/v7-m/nofp\libc.a(lib_a-init.o)
 .ARM.attributes
                0x0000082d       0x2d e:/clion/arm-none-eabi-gcc/gcc-arm-none-eabi-10.3-2021.10/bin/../lib/gcc/arm-none-eabi/10.3.1/../../../../arm-none-eabi/lib/thumb/v7-m/nofp\libc.a(lib_a-memset.o)
 .ARM.attributes
                0x0000085a       0x2d e:/clion/arm-none-eabi-gcc/gcc-arm-none-eabi-10.3-2021.10/bin/../lib/gcc/arm-none-eabi/10.3.1/../../../../arm-none-eabi/lib/thumb/v7-m/nofp\libc.a(lib_a-setvbuf.o)
 .ARM.attributes
                0x00000887       0x2d e:/clion/arm-none-eabi-gcc/gcc-arm-none-eabi-10.3-2021.10/bin/../lib/gcc/arm-none-eabi/10.3.1/../../../../arm-none-eabi/lib/thumb/v7-m/nofp\libc.a(lib_a-__call_atexit.o)
 .ARM.attributes
                0x000008b4       0x2d e:/clion/arm-none-eabi-gcc/gcc-arm-none-eabi-10.3-2021.10/bin/../lib/gcc/arm-none-eabi/10.3.1/../../../../arm-none-eabi/lib/thumb/v7-m/nofp\libc.a(lib_a-atexit.o)
 .ARM.attributes
                0x000008e1       0x2d e:/clion/arm-none-eabi-gcc/gcc-arm-none-eabi-10.3-2021.10/bin/../lib/gcc/arm-none-eabi/10.3.1/../../../../arm-none-eabi/lib/thumb/v7-m/nofp\libc.a(lib_a-fflush.o)
 .ARM.attributes
                0x0000090e       0x2d e:/clion/arm-none-eabi-gcc/gcc-arm-none-eabi-10.3-2021.10/bin/../lib/gcc/arm-none-eabi/10.3.1/../../../../arm-none-eabi/lib/thumb/v7-m/nofp\libc.a(lib_a-findfp.o)
 .ARM.attributes
                0x0000093b       0x2d e:/clion/arm-none-eabi-gcc/gcc-arm-none-eabi-10.3-2021.10/bin/../lib/gcc/arm-none-eabi/10.3.1/../../../../arm-none-eabi/lib/thumb/v7-m/nofp\libc.a(lib_a-fini.o)
 .ARM.attributes
                0x00000968       0x2d e:/clion/arm-none-eabi-gcc/gcc-arm-none-eabi-10.3-2021.10/bin/../lib/gcc/arm-none-eabi/10.3.1/../../../../arm-none-eabi/lib/thumb/v7-m/nofp\libc.a(lib_a-freer.o)
 .ARM.attributes
                0x00000995       0x2d e:/clion/arm-none-eabi-gcc/gcc-arm-none-eabi-10.3-2021.10/bin/../lib/gcc/arm-none-eabi/10.3.1/../../../../arm-none-eabi/lib/thumb/v7-m/nofp\libc.a(lib_a-fwalk.o)
 .ARM.attributes
                0x000009c2       0x2d e:/clion/arm-none-eabi-gcc/gcc-arm-none-eabi-10.3-2021.10/bin/../lib/gcc/arm-none-eabi/10.3.1/../../../../arm-none-eabi/lib/thumb/v7-m/nofp\libc.a(lib_a-lock.o)
 .ARM.attributes
                0x000009ef       0x2d e:/clion/arm-none-eabi-gcc/gcc-arm-none-eabi-10.3-2021.10/bin/../lib/gcc/arm-none-eabi/10.3.1/../../../../arm-none-eabi/lib/thumb/v7-m/nofp\libc.a(lib_a-makebuf.o)
 .ARM.attributes
                0x00000a1c       0x2d e:/clion/arm-none-eabi-gcc/gcc-arm-none-eabi-10.3-2021.10/bin/../lib/gcc/arm-none-eabi/10.3.1/../../../../arm-none-eabi/lib/thumb/v7-m/nofp\libc.a(lib_a-malloc.o)
 .ARM.attributes
                0x00000a49       0x2d e:/clion/arm-none-eabi-gcc/gcc-arm-none-eabi-10.3-2021.10/bin/../lib/gcc/arm-none-eabi/10.3.1/../../../../arm-none-eabi/lib/thumb/v7-m/nofp\libc.a(lib_a-mallocr.o)
 .ARM.attributes
                0x00000a76       0x2d e:/clion/arm-none-eabi-gcc/gcc-arm-none-eabi-10.3-2021.10/bin/../lib/gcc/arm-none-eabi/10.3.1/../../../../arm-none-eabi/lib/thumb/v7-m/nofp\libc.a(lib_a-mlock.o)
 .ARM.attributes
                0x00000aa3       0x2d e:/clion/arm-none-eabi-gcc/gcc-arm-none-eabi-10.3-2021.10/bin/../lib/gcc/arm-none-eabi/10.3.1/../../../../arm-none-eabi/lib/thumb/v7-m/nofp\libc.a(lib_a-sbrkr.o)
 .ARM.attributes
                0x00000ad0       0x2d e:/clion/arm-none-eabi-gcc/gcc-arm-none-eabi-10.3-2021.10/bin/../lib/gcc/arm-none-eabi/10.3.1/../../../../arm-none-eabi/lib/thumb/v7-m/nofp\libc.a(lib_a-stdio.o)
 .ARM.attributes
                0x00000afd       0x2d e:/clion/arm-none-eabi-gcc/gcc-arm-none-eabi-10.3-2021.10/bin/../lib/gcc/arm-none-eabi/10.3.1/../../../../arm-none-eabi/lib/thumb/v7-m/nofp\libc.a(lib_a-writer.o)
 .ARM.attributes
                0x00000b2a       0x2d e:/clion/arm-none-eabi-gcc/gcc-arm-none-eabi-10.3-2021.10/bin/../lib/gcc/arm-none-eabi/10.3.1/../../../../arm-none-eabi/lib/thumb/v7-m/nofp\libc.a(lib_a-__atexit.o)
 .ARM.attributes
                0x00000b57       0x2d e:/clion/arm-none-eabi-gcc/gcc-arm-none-eabi-10.3-2021.10/bin/../lib/gcc/arm-none-eabi/10.3.1/../../../../arm-none-eabi/lib/thumb/v7-m/nofp\libc.a(lib_a-closer.o)
 .ARM.attributes
                0x00000b84       0x2d e:/clion/arm-none-eabi-gcc/gcc-arm-none-eabi-10.3-2021.10/bin/../lib/gcc/arm-none-eabi/10.3.1/../../../../arm-none-eabi/lib/thumb/v7-m/nofp\libc.a(lib_a-fclose.o)
 .ARM.attributes
                0x00000bb1       0x2d e:/clion/arm-none-eabi-gcc/gcc-arm-none-eabi-10.3-2021.10/bin/../lib/gcc/arm-none-eabi/10.3.1/../../../../arm-none-eabi/lib/thumb/v7-m/nofp\libc.a(lib_a-fstatr.o)
 .ARM.attributes
                0x00000bde       0x2d e:/clion/arm-none-eabi-gcc/gcc-arm-none-eabi-10.3-2021.10/bin/../lib/gcc/arm-none-eabi/10.3.1/../../../../arm-none-eabi/lib/thumb/v7-m/nofp\libc.a(lib_a-lseekr.o)
 .ARM.attributes
                0x00000c0b       0x2d e:/clion/arm-none-eabi-gcc/gcc-arm-none-eabi-10.3-2021.10/bin/../lib/gcc/arm-none-eabi/10.3.1/../../../../arm-none-eabi/lib/thumb/v7-m/nofp\libc.a(lib_a-readr.o)
 .ARM.attributes
                0x00000c38       0x2d e:/clion/arm-none-eabi-gcc/gcc-arm-none-eabi-10.3-2021.10/bin/../lib/gcc/arm-none-eabi/10.3.1/../../../../arm-none-eabi/lib/thumb/v7-m/nofp\libc.a(lib_a-reent.o)
 .ARM.attributes
                0x00000c65       0x1d e:/clion/arm-none-eabi-gcc/gcc-arm-none-eabi-10.3-2021.10/bin/../lib/gcc/arm-none-eabi/10.3.1/thumb/v7-m/nofp/crtn.o
OUTPUT(MY_FOC_2.elf elf32-littlearm)
LOAD linker stubs
LOAD e:/clion/arm-none-eabi-gcc/gcc-arm-none-eabi-10.3-2021.10/bin/../lib/gcc/arm-none-eabi/10.3.1/../../../../arm-none-eabi/lib/thumb/v7-m/nofp\libc.a
LOAD e:/clion/arm-none-eabi-gcc/gcc-arm-none-eabi-10.3-2021.10/bin/../lib/gcc/arm-none-eabi/10.3.1/../../../../arm-none-eabi/lib/thumb/v7-m/nofp\libm.a
LOAD e:/clion/arm-none-eabi-gcc/gcc-arm-none-eabi-10.3-2021.10/bin/../lib/gcc/arm-none-eabi/10.3.1/thumb/v7-m/nofp\libgcc.a

.debug_info     0x00000000    0x1bba1
 .debug_info    0x00000000      0x8de CMakeFiles/MY_FOC_2.elf.dir/Core/Src/adc.c.obj
 .debug_info    0x000008de      0x324 CMakeFiles/MY_FOC_2.elf.dir/Core/Src/dma.c.obj
 .debug_info    0x00000c02      0x369 CMakeFiles/MY_FOC_2.elf.dir/Core/Src/gpio.c.obj
 .debug_info    0x00000f6b     0x101a CMakeFiles/MY_FOC_2.elf.dir/Core/Src/main.c.obj
 .debug_info    0x00001f85      0x86e CMakeFiles/MY_FOC_2.elf.dir/Core/Src/spi.c.obj
 .debug_info    0x000027f3      0x211 CMakeFiles/MY_FOC_2.elf.dir/Core/Src/stm32f1xx_hal_msp.c.obj
 .debug_info    0x00002a04      0x683 CMakeFiles/MY_FOC_2.elf.dir/Core/Src/stm32f1xx_it.c.obj
 .debug_info    0x00003087      0x174 CMakeFiles/MY_FOC_2.elf.dir/Core/Src/sysmem.c.obj
 .debug_info    0x000031fb      0x248 CMakeFiles/MY_FOC_2.elf.dir/Core/Src/system_stm32f1xx.c.obj
 .debug_info    0x00003443      0xc40 CMakeFiles/MY_FOC_2.elf.dir/Core/Src/tim.c.obj
 .debug_info    0x00004083      0xa36 CMakeFiles/MY_FOC_2.elf.dir/Core/Src/usart.c.obj
 .debug_info    0x00004ab9       0x22 CMakeFiles/MY_FOC_2.elf.dir/Core/Startup/startup_stm32f103c8tx.s.obj
 .debug_info    0x00004adb      0x7a8 CMakeFiles/MY_FOC_2.elf.dir/Drivers/STM32F1xx_HAL_Driver/Src/stm32f1xx_hal.c.obj
 .debug_info    0x00005283      0xf10 CMakeFiles/MY_FOC_2.elf.dir/Drivers/STM32F1xx_HAL_Driver/Src/stm32f1xx_hal_adc.c.obj
 .debug_info    0x00006193      0xc3b CMakeFiles/MY_FOC_2.elf.dir/Drivers/STM32F1xx_HAL_Driver/Src/stm32f1xx_hal_adc_ex.c.obj
 .debug_info    0x00006dce      0xd8a CMakeFiles/MY_FOC_2.elf.dir/Drivers/STM32F1xx_HAL_Driver/Src/stm32f1xx_hal_cortex.c.obj
 .debug_info    0x00007b58      0x846 CMakeFiles/MY_FOC_2.elf.dir/Drivers/STM32F1xx_HAL_Driver/Src/stm32f1xx_hal_dma.c.obj
 .debug_info    0x0000839e      0x66f CMakeFiles/MY_FOC_2.elf.dir/Drivers/STM32F1xx_HAL_Driver/Src/stm32f1xx_hal_gpio.c.obj
 .debug_info    0x00008a0d      0xa36 CMakeFiles/MY_FOC_2.elf.dir/Drivers/STM32F1xx_HAL_Driver/Src/stm32f1xx_hal_rcc.c.obj
 .debug_info    0x00009443      0x443 CMakeFiles/MY_FOC_2.elf.dir/Drivers/STM32F1xx_HAL_Driver/Src/stm32f1xx_hal_rcc_ex.c.obj
 .debug_info    0x00009886     0x1d70 CMakeFiles/MY_FOC_2.elf.dir/Drivers/STM32F1xx_HAL_Driver/Src/stm32f1xx_hal_spi.c.obj
 .debug_info    0x0000b5f6     0x3b00 CMakeFiles/MY_FOC_2.elf.dir/Drivers/STM32F1xx_HAL_Driver/Src/stm32f1xx_hal_tim.c.obj
 .debug_info    0x0000f0f6     0x19e9 CMakeFiles/MY_FOC_2.elf.dir/Drivers/STM32F1xx_HAL_Driver/Src/stm32f1xx_hal_tim_ex.c.obj
 .debug_info    0x00010adf     0x1c8b CMakeFiles/MY_FOC_2.elf.dir/Drivers/STM32F1xx_HAL_Driver/Src/stm32f1xx_hal_uart.c.obj
 .debug_info    0x0001276a     0x106b CMakeFiles/MY_FOC_2.elf.dir/FOC_Ctrl/BLDC_MOTOR/BLDC_MOTOR.c.obj
 .debug_info    0x000137d5      0xa9f CMakeFiles/MY_FOC_2.elf.dir/FOC_Ctrl/FOC_Math/FOC_Math.c.obj
 .debug_info    0x00014274      0x5ee CMakeFiles/MY_FOC_2.elf.dir/FOC_Ctrl/User_APP/User_APP.c.obj
 .debug_info    0x00014862      0xad1 CMakeFiles/MY_FOC_2.elf.dir/HARDWARE/MT6701_SPI/MT6701_SPI.c.obj
 .debug_info    0x00015333      0x8af CMakeFiles/MY_FOC_2.elf.dir/HARDWARE/Motor_ADC/Motor_ADC.c.obj
 .debug_info    0x00015be2     0x12a7 CMakeFiles/MY_FOC_2.elf.dir/HARDWARE/retarget/retarget.c.obj
 .debug_info    0x00016e89       0x80 ..\Lib\IQmathLib-cm3.lib(IQNcos.o)
 .debug_info    0x00016f09       0x80 ..\Lib\IQmathLib-cm3.lib(IQNcos.o)
 .debug_info    0x00016f89       0x80 ..\Lib\IQmathLib-cm3.lib(IQNcos.o)
 .debug_info    0x00017009       0x80 ..\Lib\IQmathLib-cm3.lib(IQNcos.o)
 .debug_info    0x00017089       0x80 ..\Lib\IQmathLib-cm3.lib(IQNcos.o)
 .debug_info    0x00017109       0x80 ..\Lib\IQmathLib-cm3.lib(IQNcos.o)
 .debug_info    0x00017189       0x80 ..\Lib\IQmathLib-cm3.lib(IQNcos.o)
 .debug_info    0x00017209       0x80 ..\Lib\IQmathLib-cm3.lib(IQNcos.o)
 .debug_info    0x00017289       0x80 ..\Lib\IQmathLib-cm3.lib(IQNcos.o)
 .debug_info    0x00017309       0x80 ..\Lib\IQmathLib-cm3.lib(IQNcos.o)
 .debug_info    0x00017389       0x80 ..\Lib\IQmathLib-cm3.lib(IQNcos.o)
 .debug_info    0x00017409       0x80 ..\Lib\IQmathLib-cm3.lib(IQNcos.o)
 .debug_info    0x00017489       0x80 ..\Lib\IQmathLib-cm3.lib(IQNcos.o)
 .debug_info    0x00017509       0x80 ..\Lib\IQmathLib-cm3.lib(IQNcos.o)
 .debug_info    0x00017589       0x80 ..\Lib\IQmathLib-cm3.lib(IQNcos.o)
 .debug_info    0x00017609       0x80 ..\Lib\IQmathLib-cm3.lib(IQNcos.o)
 .debug_info    0x00017689       0x80 ..\Lib\IQmathLib-cm3.lib(IQNcos.o)
 .debug_info    0x00017709       0x80 ..\Lib\IQmathLib-cm3.lib(IQNcos.o)
 .debug_info    0x00017789       0x80 ..\Lib\IQmathLib-cm3.lib(IQNcos.o)
 .debug_info    0x00017809       0x80 ..\Lib\IQmathLib-cm3.lib(IQNcos.o)
 .debug_info    0x00017889       0x80 ..\Lib\IQmathLib-cm3.lib(IQNcos.o)
 .debug_info    0x00017909       0x80 ..\Lib\IQmathLib-cm3.lib(IQNcos.o)
 .debug_info    0x00017989       0x80 ..\Lib\IQmathLib-cm3.lib(IQNcos.o)
 .debug_info    0x00017a09       0x80 ..\Lib\IQmathLib-cm3.lib(IQNcos.o)
 .debug_info    0x00017a89       0x80 ..\Lib\IQmathLib-cm3.lib(IQNcos.o)
 .debug_info    0x00017b09       0x80 ..\Lib\IQmathLib-cm3.lib(IQNcos.o)
 .debug_info    0x00017b89       0x80 ..\Lib\IQmathLib-cm3.lib(IQNcos.o)
 .debug_info    0x00017c09       0x80 ..\Lib\IQmathLib-cm3.lib(IQNcos.o)
 .debug_info    0x00017c89       0x80 ..\Lib\IQmathLib-cm3.lib(IQNcos.o)
 .debug_info    0x00017d09       0x80 ..\Lib\IQmathLib-cm3.lib(IQNdiv.o)
 .debug_info    0x00017d89       0x80 ..\Lib\IQmathLib-cm3.lib(IQNdiv.o)
 .debug_info    0x00017e09       0x80 ..\Lib\IQmathLib-cm3.lib(IQNdiv.o)
 .debug_info    0x00017e89       0x80 ..\Lib\IQmathLib-cm3.lib(IQNdiv.o)
 .debug_info    0x00017f09       0x80 ..\Lib\IQmathLib-cm3.lib(IQNdiv.o)
 .debug_info    0x00017f89       0x80 ..\Lib\IQmathLib-cm3.lib(IQNdiv.o)
 .debug_info    0x00018009       0x80 ..\Lib\IQmathLib-cm3.lib(IQNdiv.o)
 .debug_info    0x00018089       0x80 ..\Lib\IQmathLib-cm3.lib(IQNdiv.o)
 .debug_info    0x00018109       0x80 ..\Lib\IQmathLib-cm3.lib(IQNdiv.o)
 .debug_info    0x00018189       0x80 ..\Lib\IQmathLib-cm3.lib(IQNdiv.o)
 .debug_info    0x00018209       0x80 ..\Lib\IQmathLib-cm3.lib(IQNdiv.o)
 .debug_info    0x00018289       0x80 ..\Lib\IQmathLib-cm3.lib(IQNdiv.o)
 .debug_info    0x00018309       0x80 ..\Lib\IQmathLib-cm3.lib(IQNdiv.o)
 .debug_info    0x00018389       0x80 ..\Lib\IQmathLib-cm3.lib(IQNdiv.o)
 .debug_info    0x00018409       0x80 ..\Lib\IQmathLib-cm3.lib(IQNdiv.o)
 .debug_info    0x00018489       0x80 ..\Lib\IQmathLib-cm3.lib(IQNdiv.o)
 .debug_info    0x00018509       0x80 ..\Lib\IQmathLib-cm3.lib(IQNdiv.o)
 .debug_info    0x00018589       0x80 ..\Lib\IQmathLib-cm3.lib(IQNdiv.o)
 .debug_info    0x00018609       0x80 ..\Lib\IQmathLib-cm3.lib(IQNdiv.o)
 .debug_info    0x00018689       0x80 ..\Lib\IQmathLib-cm3.lib(IQNdiv.o)
 .debug_info    0x00018709       0x80 ..\Lib\IQmathLib-cm3.lib(IQNdiv.o)
 .debug_info    0x00018789       0x80 ..\Lib\IQmathLib-cm3.lib(IQNdiv.o)
 .debug_info    0x00018809       0x80 ..\Lib\IQmathLib-cm3.lib(IQNdiv.o)
 .debug_info    0x00018889       0x80 ..\Lib\IQmathLib-cm3.lib(IQNdiv.o)
 .debug_info    0x00018909       0x80 ..\Lib\IQmathLib-cm3.lib(IQNdiv.o)
 .debug_info    0x00018989       0x80 ..\Lib\IQmathLib-cm3.lib(IQNdiv.o)
 .debug_info    0x00018a09       0x80 ..\Lib\IQmathLib-cm3.lib(IQNdiv.o)
 .debug_info    0x00018a89       0x80 ..\Lib\IQmathLib-cm3.lib(IQNdiv.o)
 .debug_info    0x00018b09       0x80 ..\Lib\IQmathLib-cm3.lib(IQNdiv.o)
 .debug_info    0x00018b89       0x80 ..\Lib\IQmathLib-cm3.lib(IQNdiv.o)
 .debug_info    0x00018c09       0x80 ..\Lib\IQmathLib-cm3.lib(IQNmpy.o)
 .debug_info    0x00018c89       0x80 ..\Lib\IQmathLib-cm3.lib(IQNmpy.o)
 .debug_info    0x00018d09       0x80 ..\Lib\IQmathLib-cm3.lib(IQNmpy.o)
 .debug_info    0x00018d89       0x80 ..\Lib\IQmathLib-cm3.lib(IQNmpy.o)
 .debug_info    0x00018e09       0x80 ..\Lib\IQmathLib-cm3.lib(IQNmpy.o)
 .debug_info    0x00018e89       0x80 ..\Lib\IQmathLib-cm3.lib(IQNmpy.o)
 .debug_info    0x00018f09       0x80 ..\Lib\IQmathLib-cm3.lib(IQNmpy.o)
 .debug_info    0x00018f89       0x80 ..\Lib\IQmathLib-cm3.lib(IQNmpy.o)
 .debug_info    0x00019009       0x80 ..\Lib\IQmathLib-cm3.lib(IQNmpy.o)
 .debug_info    0x00019089       0x80 ..\Lib\IQmathLib-cm3.lib(IQNmpy.o)
 .debug_info    0x00019109       0x80 ..\Lib\IQmathLib-cm3.lib(IQNmpy.o)
 .debug_info    0x00019189       0x80 ..\Lib\IQmathLib-cm3.lib(IQNmpy.o)
 .debug_info    0x00019209       0x80 ..\Lib\IQmathLib-cm3.lib(IQNmpy.o)
 .debug_info    0x00019289       0x80 ..\Lib\IQmathLib-cm3.lib(IQNmpy.o)
 .debug_info    0x00019309       0x80 ..\Lib\IQmathLib-cm3.lib(IQNmpy.o)
 .debug_info    0x00019389       0x80 ..\Lib\IQmathLib-cm3.lib(IQNmpy.o)
 .debug_info    0x00019409       0x80 ..\Lib\IQmathLib-cm3.lib(IQNmpy.o)
 .debug_info    0x00019489       0x80 ..\Lib\IQmathLib-cm3.lib(IQNmpy.o)
 .debug_info    0x00019509       0x80 ..\Lib\IQmathLib-cm3.lib(IQNmpy.o)
 .debug_info    0x00019589       0x80 ..\Lib\IQmathLib-cm3.lib(IQNmpy.o)
 .debug_info    0x00019609       0x80 ..\Lib\IQmathLib-cm3.lib(IQNmpy.o)
 .debug_info    0x00019689       0x80 ..\Lib\IQmathLib-cm3.lib(IQNmpy.o)
 .debug_info    0x00019709       0x80 ..\Lib\IQmathLib-cm3.lib(IQNmpy.o)
 .debug_info    0x00019789       0x80 ..\Lib\IQmathLib-cm3.lib(IQNmpy.o)
 .debug_info    0x00019809       0x80 ..\Lib\IQmathLib-cm3.lib(IQNmpy.o)
 .debug_info    0x00019889       0x80 ..\Lib\IQmathLib-cm3.lib(IQNmpy.o)
 .debug_info    0x00019909       0x80 ..\Lib\IQmathLib-cm3.lib(IQNmpy.o)
 .debug_info    0x00019989       0x80 ..\Lib\IQmathLib-cm3.lib(IQNmpy.o)
 .debug_info    0x00019a09       0x80 ..\Lib\IQmathLib-cm3.lib(IQNmpy.o)
 .debug_info    0x00019a89       0x80 ..\Lib\IQmathLib-cm3.lib(IQNmpy.o)
 .debug_info    0x00019b09       0x80 ..\Lib\IQmathLib-cm3.lib(IQNsin.o)
 .debug_info    0x00019b89       0x80 ..\Lib\IQmathLib-cm3.lib(IQNsin.o)
 .debug_info    0x00019c09       0x80 ..\Lib\IQmathLib-cm3.lib(IQNsin.o)
 .debug_info    0x00019c89       0x80 ..\Lib\IQmathLib-cm3.lib(IQNsin.o)
 .debug_info    0x00019d09       0x80 ..\Lib\IQmathLib-cm3.lib(IQNsin.o)
 .debug_info    0x00019d89       0x80 ..\Lib\IQmathLib-cm3.lib(IQNsin.o)
 .debug_info    0x00019e09       0x80 ..\Lib\IQmathLib-cm3.lib(IQNsin.o)
 .debug_info    0x00019e89       0x80 ..\Lib\IQmathLib-cm3.lib(IQNsin.o)
 .debug_info    0x00019f09       0x80 ..\Lib\IQmathLib-cm3.lib(IQNsin.o)
 .debug_info    0x00019f89       0x80 ..\Lib\IQmathLib-cm3.lib(IQNsin.o)
 .debug_info    0x0001a009       0x80 ..\Lib\IQmathLib-cm3.lib(IQNsin.o)
 .debug_info    0x0001a089       0x80 ..\Lib\IQmathLib-cm3.lib(IQNsin.o)
 .debug_info    0x0001a109       0x80 ..\Lib\IQmathLib-cm3.lib(IQNsin.o)
 .debug_info    0x0001a189       0x80 ..\Lib\IQmathLib-cm3.lib(IQNsin.o)
 .debug_info    0x0001a209       0x80 ..\Lib\IQmathLib-cm3.lib(IQNsin.o)
 .debug_info    0x0001a289       0x80 ..\Lib\IQmathLib-cm3.lib(IQNsin.o)
 .debug_info    0x0001a309       0x80 ..\Lib\IQmathLib-cm3.lib(IQNsin.o)
 .debug_info    0x0001a389       0x80 ..\Lib\IQmathLib-cm3.lib(IQNsin.o)
 .debug_info    0x0001a409       0x80 ..\Lib\IQmathLib-cm3.lib(IQNsin.o)
 .debug_info    0x0001a489       0x80 ..\Lib\IQmathLib-cm3.lib(IQNsin.o)
 .debug_info    0x0001a509       0x80 ..\Lib\IQmathLib-cm3.lib(IQNsin.o)
 .debug_info    0x0001a589       0x80 ..\Lib\IQmathLib-cm3.lib(IQNsin.o)
 .debug_info    0x0001a609       0x80 ..\Lib\IQmathLib-cm3.lib(IQNsin.o)
 .debug_info    0x0001a689       0x80 ..\Lib\IQmathLib-cm3.lib(IQNsin.o)
 .debug_info    0x0001a709       0x80 ..\Lib\IQmathLib-cm3.lib(IQNsin.o)
 .debug_info    0x0001a789       0x80 ..\Lib\IQmathLib-cm3.lib(IQNsin.o)
 .debug_info    0x0001a809       0x80 ..\Lib\IQmathLib-cm3.lib(IQNsin.o)
 .debug_info    0x0001a889       0x80 ..\Lib\IQmathLib-cm3.lib(IQNsin.o)
 .debug_info    0x0001a909       0x80 ..\Lib\IQmathLib-cm3.lib(IQNsin.o)
 .debug_info    0x0001a989       0x80 ..\Lib\IQmathLib-cm3.lib(IQNtoF.o)
 .debug_info    0x0001aa09       0x80 ..\Lib\IQmathLib-cm3.lib(IQNtoF.o)
 .debug_info    0x0001aa89       0x80 ..\Lib\IQmathLib-cm3.lib(IQNtoF.o)
 .debug_info    0x0001ab09       0x80 ..\Lib\IQmathLib-cm3.lib(IQNtoF.o)
 .debug_info    0x0001ab89       0x80 ..\Lib\IQmathLib-cm3.lib(IQNtoF.o)
 .debug_info    0x0001ac09       0x80 ..\Lib\IQmathLib-cm3.lib(IQNtoF.o)
 .debug_info    0x0001ac89       0x80 ..\Lib\IQmathLib-cm3.lib(IQNtoF.o)
 .debug_info    0x0001ad09       0x80 ..\Lib\IQmathLib-cm3.lib(IQNtoF.o)
 .debug_info    0x0001ad89       0x80 ..\Lib\IQmathLib-cm3.lib(IQNtoF.o)
 .debug_info    0x0001ae09       0x80 ..\Lib\IQmathLib-cm3.lib(IQNtoF.o)
 .debug_info    0x0001ae89       0x80 ..\Lib\IQmathLib-cm3.lib(IQNtoF.o)
 .debug_info    0x0001af09       0x80 ..\Lib\IQmathLib-cm3.lib(IQNtoF.o)
 .debug_info    0x0001af89       0x80 ..\Lib\IQmathLib-cm3.lib(IQNtoF.o)
 .debug_info    0x0001b009       0x80 ..\Lib\IQmathLib-cm3.lib(IQNtoF.o)
 .debug_info    0x0001b089       0x80 ..\Lib\IQmathLib-cm3.lib(IQNtoF.o)
 .debug_info    0x0001b109       0x80 ..\Lib\IQmathLib-cm3.lib(IQNtoF.o)
 .debug_info    0x0001b189       0x80 ..\Lib\IQmathLib-cm3.lib(IQNtoF.o)
 .debug_info    0x0001b209       0x80 ..\Lib\IQmathLib-cm3.lib(IQNtoF.o)
 .debug_info    0x0001b289       0x80 ..\Lib\IQmathLib-cm3.lib(IQNtoF.o)
 .debug_info    0x0001b309       0x80 ..\Lib\IQmathLib-cm3.lib(IQNtoF.o)
 .debug_info    0x0001b389       0x80 ..\Lib\IQmathLib-cm3.lib(IQNtoF.o)
 .debug_info    0x0001b409       0x80 ..\Lib\IQmathLib-cm3.lib(IQNtoF.o)
 .debug_info    0x0001b489       0x80 ..\Lib\IQmathLib-cm3.lib(IQNtoF.o)
 .debug_info    0x0001b509       0x80 ..\Lib\IQmathLib-cm3.lib(IQNtoF.o)
 .debug_info    0x0001b589       0x80 ..\Lib\IQmathLib-cm3.lib(IQNtoF.o)
 .debug_info    0x0001b609       0x80 ..\Lib\IQmathLib-cm3.lib(IQNtoF.o)
 .debug_info    0x0001b689       0x80 ..\Lib\IQmathLib-cm3.lib(IQNtoF.o)
 .debug_info    0x0001b709       0x80 ..\Lib\IQmathLib-cm3.lib(IQNtoF.o)
 .debug_info    0x0001b789       0x80 ..\Lib\IQmathLib-cm3.lib(IQNtoF.o)
 .debug_info    0x0001b809       0x80 ..\Lib\IQmathLib-cm3.lib(IQNtoF.o)
 .debug_info    0x0001b889       0x84 ..\Lib\IQmathLib-cm3.lib(IQtables.o)
 .debug_info    0x0001b90d       0x84 ..\Lib\IQmathLib-cm3.lib(IQtables.o)
 .debug_info    0x0001b991       0x84 ..\Lib\IQmathLib-cm3.lib(IQtables.o)
 .debug_info    0x0001ba15       0x84 ..\Lib\IQmathLib-cm3.lib(IQtables.o)
 .debug_info    0x0001ba99       0x84 ..\Lib\IQmathLib-cm3.lib(IQtables.o)
 .debug_info    0x0001bb1d       0x84 ..\Lib\IQmathLib-cm3.lib(IQtables.o)

.debug_abbrev   0x00000000     0x369b
 .debug_abbrev  0x00000000      0x1c9 CMakeFiles/MY_FOC_2.elf.dir/Core/Src/adc.c.obj
 .debug_abbrev  0x000001c9      0x114 CMakeFiles/MY_FOC_2.elf.dir/Core/Src/dma.c.obj
 .debug_abbrev  0x000002dd      0x13c CMakeFiles/MY_FOC_2.elf.dir/Core/Src/gpio.c.obj
 .debug_abbrev  0x00000419      0x22e CMakeFiles/MY_FOC_2.elf.dir/Core/Src/main.c.obj
 .debug_abbrev  0x00000647      0x1c1 CMakeFiles/MY_FOC_2.elf.dir/Core/Src/spi.c.obj
 .debug_abbrev  0x00000808       0xe5 CMakeFiles/MY_FOC_2.elf.dir/Core/Src/stm32f1xx_hal_msp.c.obj
 .debug_abbrev  0x000008ed      0x154 CMakeFiles/MY_FOC_2.elf.dir/Core/Src/stm32f1xx_it.c.obj
 .debug_abbrev  0x00000a41       0xe7 CMakeFiles/MY_FOC_2.elf.dir/Core/Src/sysmem.c.obj
 .debug_abbrev  0x00000b28      0x13e CMakeFiles/MY_FOC_2.elf.dir/Core/Src/system_stm32f1xx.c.obj
 .debug_abbrev  0x00000c66      0x211 CMakeFiles/MY_FOC_2.elf.dir/Core/Src/tim.c.obj
 .debug_abbrev  0x00000e77      0x1dd CMakeFiles/MY_FOC_2.elf.dir/Core/Src/usart.c.obj
 .debug_abbrev  0x00001054       0x12 CMakeFiles/MY_FOC_2.elf.dir/Core/Startup/startup_stm32f103c8tx.s.obj
 .debug_abbrev  0x00001066      0x1f4 CMakeFiles/MY_FOC_2.elf.dir/Drivers/STM32F1xx_HAL_Driver/Src/stm32f1xx_hal.c.obj
 .debug_abbrev  0x0000125a      0x1fc CMakeFiles/MY_FOC_2.elf.dir/Drivers/STM32F1xx_HAL_Driver/Src/stm32f1xx_hal_adc.c.obj
 .debug_abbrev  0x00001456      0x248 CMakeFiles/MY_FOC_2.elf.dir/Drivers/STM32F1xx_HAL_Driver/Src/stm32f1xx_hal_adc_ex.c.obj
 .debug_abbrev  0x0000169e      0x341 CMakeFiles/MY_FOC_2.elf.dir/Drivers/STM32F1xx_HAL_Driver/Src/stm32f1xx_hal_cortex.c.obj
 .debug_abbrev  0x000019df      0x223 CMakeFiles/MY_FOC_2.elf.dir/Drivers/STM32F1xx_HAL_Driver/Src/stm32f1xx_hal_dma.c.obj
 .debug_abbrev  0x00001c02      0x1e6 CMakeFiles/MY_FOC_2.elf.dir/Drivers/STM32F1xx_HAL_Driver/Src/stm32f1xx_hal_gpio.c.obj
 .debug_abbrev  0x00001de8      0x27a CMakeFiles/MY_FOC_2.elf.dir/Drivers/STM32F1xx_HAL_Driver/Src/stm32f1xx_hal_rcc.c.obj
 .debug_abbrev  0x00002062      0x1d2 CMakeFiles/MY_FOC_2.elf.dir/Drivers/STM32F1xx_HAL_Driver/Src/stm32f1xx_hal_rcc_ex.c.obj
 .debug_abbrev  0x00002234      0x23b CMakeFiles/MY_FOC_2.elf.dir/Drivers/STM32F1xx_HAL_Driver/Src/stm32f1xx_hal_spi.c.obj
 .debug_abbrev  0x0000246f      0x23e CMakeFiles/MY_FOC_2.elf.dir/Drivers/STM32F1xx_HAL_Driver/Src/stm32f1xx_hal_tim.c.obj
 .debug_abbrev  0x000026ad      0x241 CMakeFiles/MY_FOC_2.elf.dir/Drivers/STM32F1xx_HAL_Driver/Src/stm32f1xx_hal_tim_ex.c.obj
 .debug_abbrev  0x000028ee      0x254 CMakeFiles/MY_FOC_2.elf.dir/Drivers/STM32F1xx_HAL_Driver/Src/stm32f1xx_hal_uart.c.obj
 .debug_abbrev  0x00002b42      0x22c CMakeFiles/MY_FOC_2.elf.dir/FOC_Ctrl/BLDC_MOTOR/BLDC_MOTOR.c.obj